[2026-04-30 01:37:16] [INFO] [0.00s] Start time: 2026-04-30 01:37:16
[2026-04-30 01:37:16] [INFO] [0.00s] Device: cpu
[2026-04-30 01:37:16] [INFO] [0.02s] Log file: training_full.log
[2026-04-30 01:37:16] [INFO] [0.03s] 
[2026-04-30 01:37:16] [INFO] [0.04s] TRAINING CONFIGURATION:
[2026-04-30 01:37:16] [INFO] [0.05s]   data_root: C:\traework\data
[2026-04-30 01:37:16] [INFO] [0.06s]   problems: ['cavity']
[2026-04-30 01:37:16] [INFO] [0.08s]   categories: ['bc', 'geo', 'prop']
[2026-04-30 01:37:16] [INFO] [0.09s]   modes: 12
[2026-04-30 01:37:16] [INFO] [0.11s]   width: 32
[2026-04-30 01:37:16] [INFO] [0.12s]   epochs: 30
[2026-04-30 01:37:16] [INFO] [0.13s]   batch_size: 8
[2026-04-30 01:37:16] [INFO] [0.14s]   learning_rate: 0.001
[2026-04-30 01:37:16] [INFO] [0.16s]   weight_decay: 0.0001
[2026-04-30 01:37:16] [INFO] [0.17s]   train_ratio: 0.8
[2026-04-30 01:37:16] [INFO] [0.18s]   normalize: True
[2026-04-30 01:37:16] [INFO] [0.19s]   max_cases_per_category: 10
[2026-04-30 01:37:16] [INFO] [0.20s]   in_channels: 4
[2026-04-30 01:37:16] [INFO] [0.22s]   out_channels: 2
[2026-04-30 01:37:16] [INFO] [0.23s] 
[2026-04-30 01:37:16] [PHASE] [0.24s] === STARTING: Data Loading ===
[2026-04-30 01:37:16] [DATA] [0.26s] ============================================================
[2026-04-30 01:37:16] [DATA] [0.27s] DATA LOADING PROCESS
[2026-04-30 01:37:16] [DATA] [0.28s] ============================================================
[2026-04-30 01:37:16] [DATA] [0.30s] Data root: C:\traework\data
[2026-04-30 01:37:16] [DATA] [0.31s] Problems: ['cavity']
[2026-04-30 01:37:16] [DATA] [0.33s] Categories: ['bc', 'geo', 'prop']
[2026-04-30 01:37:16] [DATA] [0.34s] Max cases per category: 10
[2026-04-30 01:37:16] [DATA] [0.35s] Normalize: True
[2026-04-30 01:37:16] [DATA] [0.37s] 
[2026-04-30 01:37:16] [DATA] [0.38s] Processing problem: cavity
[2026-04-30 01:37:16] [DATA] [0.40s]   Category: bc - Found 50 cases, using 10
[2026-04-30 01:37:16] [DATA] [0.42s]     [LOAD] case0000: 10 time steps, 9 samples, shape=(64, 64)
[2026-04-30 01:37:16] [DATA] [0.43s]     [LOAD] case0001: 11 time steps, 10 samples, shape=(64, 64)
[2026-04-30 01:37:16] [DATA] [0.45s]     [LOAD] case0002: 13 time steps, 12 samples, shape=(64, 64)
[2026-04-30 01:37:16] [DATA] [0.47s]     [LOAD] case0003: 14 time steps, 13 samples, shape=(64, 64)
[2026-04-30 01:37:16] [DATA] [0.49s]     [LOAD] case0004: 15 time steps, 14 samples, shape=(64, 64)
[2026-04-30 01:37:16] [DATA] [0.51s]     [LOAD] case0005: 16 time steps, 15 samples, shape=(64, 64)
[2026-04-30 01:37:16] [DATA] [0.53s]     [LOAD] case0006: 17 time steps, 16 samples, shape=(64, 64)
[2026-04-30 01:37:16] [DATA] [0.55s]     [LOAD] case0007: 18 time steps, 17 samples, shape=(64, 64)
[2026-04-30 01:37:16] [DATA] [0.57s]     [LOAD] case0008: 20 time steps, 19 samples, shape=(64, 64)
[2026-04-30 01:37:16] [DATA] [0.60s]     [LOAD] case0009: 21 time steps, 20 samples, shape=(64, 64)
[2026-04-30 01:37:16] [DATA] [0.63s]   Category: geo - Found 24 cases, using 10
[2026-04-30 01:37:16] [DATA] [0.66s]     [LOAD] case0001: 23 time steps, 22 samples, shape=(64, 64)
[2026-04-30 01:37:17] [DATA] [0.76s]     [LOAD] case0002: 20 time steps, 19 samples, shape=(64, 64)
[2026-04-30 01:37:17] [DATA] [0.80s]     [LOAD] case0003: 20 time steps, 19 samples, shape=(64, 64)
[2026-04-30 01:37:17] [DATA] [0.82s]     [LOAD] case0004: 21 time steps, 20 samples, shape=(64, 64)
[2026-04-30 01:37:17] [DATA] [0.86s]     [LOAD] case0005: 37 time steps, 36 samples, shape=(64, 64)
[2026-04-30 01:37:17] [DATA] [0.89s]     [LOAD] case0006: 43 time steps, 42 samples, shape=(64, 64)
[2026-04-30 01:37:17] [DATA] [0.91s]     [LOAD] case0007: 43 time steps, 42 samples, shape=(64, 64)
[2026-04-30 01:37:17] [DATA] [0.95s]     [LOAD] case0008: 42 time steps, 41 samples, shape=(64, 64)
[2026-04-30 01:37:17] [DATA] [0.98s]     [LOAD] case0009: 60 time steps, 59 samples, shape=(64, 64)
[2026-04-30 01:37:17] [DATA] [1.08s]     [LOAD] case0010: 203 time steps, 202 samples, shape=(64, 64)
[2026-04-30 01:37:17] [DATA] [1.13s]   Category: prop - Found 84 cases, using 10
[2026-04-30 01:37:17] [DATA] [1.17s]     [LOAD] case0050: 21 time steps, 20 samples, shape=(64, 64)
[2026-04-30 01:37:17] [DATA] [1.20s]     [LOAD] case0051: 6 time steps, 5 samples, shape=(64, 64)
[2026-04-30 01:37:17] [DATA] [1.22s]     [LOAD] case0052: 4 time steps, 3 samples, shape=(64, 64)
[2026-04-30 01:37:17] [DATA] [1.24s]     [LOAD] case0053: 6 time steps, 5 samples, shape=(64, 64)
[2026-04-30 01:37:17] [DATA] [1.27s]     [LOAD] case0054: 6 time steps, 5 samples, shape=(64, 64)
[2026-04-30 01:37:17] [DATA] [1.30s]     [LOAD] case0055: 5 time steps, 4 samples, shape=(64, 64)
[2026-04-30 01:37:17] [DATA] [1.32s]     [LOAD] case0056: 5 time steps, 4 samples, shape=(64, 64)
[2026-04-30 01:37:17] [DATA] [1.36s]     [LOAD] case0057: 32 time steps, 31 samples, shape=(64, 64)
[2026-04-30 01:37:17] [DATA] [1.38s]     [LOAD] case0058: 11 time steps, 10 samples, shape=(64, 64)
[2026-04-30 01:37:17] [DATA] [1.41s]     [LOAD] case0059: 6 time steps, 5 samples, shape=(64, 64)
[2026-04-30 01:37:17] [DATA] [1.42s] 
[2026-04-30 01:37:17] [DATA] [1.44s] ------------------------------------------------------------
[2026-04-30 01:37:17] [DATA] [1.46s] DATA LOADING SUMMARY
[2026-04-30 01:37:17] [DATA] [1.47s] ------------------------------------------------------------
[2026-04-30 01:37:17] [DATA] [1.49s]   Total cases loaded: 30
[2026-04-30 01:37:17] [DATA] [1.50s]   Total cases skipped: 0
[2026-04-30 01:37:17] [DATA] [1.52s]   Total time-step pairs: 739
[2026-04-30 01:37:17] [DATA] [1.53s] 
[2026-04-30 01:37:17] [DATA] [1.55s] Computing normalization statistics...
[2026-04-30 01:37:17] [DATA] [1.62s]   U Component:
[2026-04-30 01:37:17] [DATA] [1.63s]     mean = 0.152036
[2026-04-30 01:37:17] [DATA] [1.65s]     std  = 2.040308
[2026-04-30 01:37:17] [DATA] [1.66s]     min  = -5.090611
[2026-04-30 01:37:17] [DATA] [1.68s]     max  = 10.000000
[2026-04-30 01:37:17] [DATA] [1.69s]   V Component:
[2026-04-30 01:37:17] [DATA] [1.71s]     mean = 0.000457
[2026-04-30 01:37:18] [DATA] [1.72s]     std  = 1.550806
[2026-04-30 01:37:18] [DATA] [1.73s]     min  = -6.686199
[2026-04-30 01:37:18] [DATA] [1.75s]     max  = 4.915135
[2026-04-30 01:37:18] [DATA] [1.76s] 
[2026-04-30 01:37:18] [DATA] [1.78s] Normalizing data...
[2026-04-30 01:37:18] [DATA] [1.79s]   Normalized 50/739 samples
[2026-04-30 01:37:18] [DATA] [1.81s]   Normalized 100/739 samples
[2026-04-30 01:37:18] [DATA] [1.82s]   Normalized 150/739 samples
[2026-04-30 01:37:18] [DATA] [1.84s]   Normalized 200/739 samples
[2026-04-30 01:37:18] [DATA] [1.85s]   Normalized 250/739 samples
[2026-04-30 01:37:18] [DATA] [1.87s]   Normalized 300/739 samples
[2026-04-30 01:37:18] [DATA] [1.88s]   Normalized 350/739 samples
[2026-04-30 01:37:18] [DATA] [1.90s]   Normalized 400/739 samples
[2026-04-30 01:37:18] [DATA] [1.91s]   Normalized 450/739 samples
[2026-04-30 01:37:18] [DATA] [1.93s]   Normalized 500/739 samples
[2026-04-30 01:37:18] [DATA] [1.95s]   Normalized 550/739 samples
[2026-04-30 01:37:18] [DATA] [1.96s]   Normalized 600/739 samples
[2026-04-30 01:37:18] [DATA] [1.98s]   Normalized 650/739 samples
[2026-04-30 01:37:18] [DATA] [2.00s]   Normalized 700/739 samples
[2026-04-30 01:37:18] [DATA] [2.01s]   Normalization complete: 739 samples
[2026-04-30 01:37:18] [DATA] [2.03s] 
[2026-04-30 01:37:18] [DATA] [2.04s] ============================================================
[2026-04-30 01:37:18] [DATA] [2.06s] DATA LOADING COMPLETE
[2026-04-30 01:37:18] [DATA] [2.08s] ============================================================
[2026-04-30 01:37:18] [PHASE] [2.10s] === COMPLETED: Data Loading (took 1.86s) ===
[2026-04-30 01:37:18] [PHASE] [2.11s]     Details: 591 train, 148 test, 74 batches per epoch
[2026-04-30 01:37:18] [INFO] [2.31s] Memory: CPU Memory: 200.79MB RSS
[2026-04-30 01:37:18] [PHASE] [2.32s] === STARTING: Model Creation ===
[2026-04-30 01:37:18] [INFO] [2.40s] Model Architecture:
[2026-04-30 01:37:18] [INFO] [2.42s]   FNO2d with modes=12, width=32
[2026-04-30 01:37:18] [INFO] [2.44s]   Input channels: 4 (2 data + 2 coords auto-added)
[2026-04-30 01:37:18] [INFO] [2.46s]   Output channels: 2 (u, v velocity)
[2026-04-30 01:37:18] [INFO] [2.48s]   Total parameters: 1,188,770
[2026-04-30 01:37:18] [INFO] [2.50s]   Trainable parameters: 1,188,770
[2026-04-30 01:37:18] [PHASE] [2.52s] === COMPLETED: Model Creation (took 0.20s) ===
[2026-04-30 01:37:18] [PHASE] [2.54s]     Details: 1,188,770 parameters
[2026-04-30 01:37:18] [INFO] [2.56s] Memory: CPU Memory: 212.35MB RSS
[2026-04-30 01:37:18] [PHASE] [2.59s] === STARTING: Optimizer Setup ===
[2026-04-30 01:37:29] [INFO] [12.89s] Optimizer: Adam
[2026-04-30 01:37:29] [INFO] [12.92s]   Learning rate: 0.001
[2026-04-30 01:37:29] [INFO] [12.95s]   Weight decay: 0.0001
[2026-04-30 01:37:29] [INFO] [12.97s] Scheduler: StepLR (step=15, gamma=0.5)
[2026-04-30 01:37:29] [INFO] [13.00s] Loss function: MSELoss
[2026-04-30 01:37:29] [PHASE] [13.05s] === COMPLETED: Optimizer Setup (took 10.47s) ===
[2026-04-30 01:37:29] [PHASE] [13.09s] === STARTING: Training ===
[2026-04-30 01:37:29] [INFO] [13.12s] ================================================================================
[2026-04-30 01:37:29] [INFO] [13.19s] TRAINING PROCESS
[2026-04-30 01:37:29] [INFO] [13.21s] ================================================================================
[2026-04-30 01:37:29] [INFO] [13.24s] 
[EPOCH 1/30] START
[2026-04-30 01:37:29] [INFO] [13.27s]   Current learning rate: 1.00e-03
[2026-04-30 01:37:29] [INFO] [13.32s]   Number of batches: 74
[2026-04-30 01:37:33] [INFO] [17.11s]   [Batch 5/74] Loss: 0.307924 | Sample: cavity/geo/case0010 (t=136)
[2026-04-30 01:37:36] [INFO] [19.85s]   [Batch 10/74] Loss: 0.031230 | Sample: cavity/bc/case0008 (t=10)
[2026-04-30 01:37:38] [INFO] [22.57s]   [Batch 15/74] Loss: 0.036423 | Sample: cavity/bc/case0008 (t=4)
[2026-04-30 01:37:42] [INFO] [26.07s]   [Batch 20/74] Loss: 0.017519 | Sample: cavity/bc/case0009 (t=11)
[2026-04-30 01:37:45] [INFO] [28.78s]   [Batch 25/74] Loss: 0.029234 | Sample: cavity/geo/case0010 (t=113)
[2026-04-30 01:37:47] [INFO] [31.18s]   [Batch 30/74] Loss: 0.010885 | Sample: cavity/prop/case0057 (t=5)
[2026-04-30 01:37:50] [INFO] [33.78s]   [Batch 35/74] Loss: 0.026587 | Sample: cavity/bc/case0003 (t=4)
[2026-04-30 01:37:52] [INFO] [36.23s]   [Batch 40/74] Loss: 0.019354 | Sample: cavity/geo/case0010 (t=188)
[2026-04-30 01:37:55] [INFO] [39.15s]   [Batch 45/74] Loss: 0.020182 | Sample: cavity/prop/case0057 (t=0)
[2026-04-30 01:37:57] [INFO] [41.58s]   [Batch 50/74] Loss: 0.018724 | Sample: cavity/bc/case0006 (t=0)
[2026-04-30 01:38:00] [INFO] [44.00s]   [Batch 55/74] Loss: 0.004265 | Sample: cavity/geo/case0007 (t=20)
[2026-04-30 01:38:02] [INFO] [46.57s]   [Batch 60/74] Loss: 0.002967 | Sample: cavity/bc/case0008 (t=5)
[2026-04-30 01:38:05] [INFO] [49.08s]   [Batch 65/74] Loss: 0.003885 | Sample: cavity/geo/case0010 (t=194)
[2026-04-30 01:38:07] [INFO] [51.58s]   [Batch 70/74] Loss: 0.003381 | Sample: cavity/prop/case0057 (t=7)
[2026-04-30 01:38:09] [INFO] [53.51s]   [Batch 74/74] Loss: 0.031869 | Sample: cavity/geo/case0009 (t=1)
[2026-04-30 01:38:09] [INFO] [53.54s] 
[EPOCH 1/30] TRAIN COMPLETE
[2026-04-30 01:38:09] [INFO] [53.57s]   Average Train Loss: 0.052124
[2026-04-30 01:38:09] [INFO] [53.59s]   Epoch time: 40.30s
[2026-04-30 01:38:09] [INFO] [53.62s] 
[EPOCH 1/30] EVALUATION ON TEST SET
[2026-04-30 01:38:12] [INFO] [56.12s]   Test Loss: 0.004082 *** BEST ***
[2026-04-30 01:38:12] [INFO] [56.15s]   Test Metrics:
[2026-04-30 01:38:12] [INFO] [56.18s]     MSE:  0.004082
[2026-04-30 01:38:12] [INFO] [56.20s]     RMSE: 0.063891
[2026-04-30 01:38:12] [INFO] [56.23s]     MAE:  0.045398
[2026-04-30 01:38:12] [INFO] [56.26s]     R2 (Overall): 0.996055
[2026-04-30 01:38:12] [INFO] [56.28s]     R2 (U component): 0.996131
[2026-04-30 01:38:12] [INFO] [56.30s]     R2 (V component): 0.995980
[2026-04-30 01:38:12] [INFO] [56.33s] [EPOCH 1/30] END - Time: 40.30s
[2026-04-30 01:38:12] [INFO] [56.34s] Memory: CPU Memory: 492.23MB RSS
[2026-04-30 01:38:12] [INFO] [56.36s] 
[EPOCH 2/30] START
[2026-04-30 01:38:12] [INFO] [56.39s]   Current learning rate: 1.00e-03
[2026-04-30 01:38:12] [INFO] [56.41s]   Number of batches: 74
[2026-04-30 01:38:15] [INFO] [58.86s]   [Batch 5/74] Loss: 0.003881 | Sample: cavity/geo/case0010 (t=145)
[2026-04-30 01:38:17] [INFO] [61.67s]   [Batch 10/74] Loss: 0.013098 | Sample: cavity/prop/case0057 (t=7)
[2026-04-30 01:38:20] [INFO] [64.07s]   [Batch 15/74] Loss: 0.017824 | Sample: cavity/bc/case0007 (t=13)
[2026-04-30 01:38:23] [INFO] [66.73s]   [Batch 20/74] Loss: 0.017770 | Sample: cavity/bc/case0006 (t=7)
[2026-04-30 01:38:25] [INFO] [69.21s]   [Batch 25/74] Loss: 0.013726 | Sample: cavity/bc/case0001 (t=6)
[2026-04-30 01:38:28] [INFO] [71.75s]   [Batch 30/74] Loss: 0.003247 | Sample: cavity/geo/case0007 (t=3)
[2026-04-30 01:38:30] [INFO] [74.06s]   [Batch 35/74] Loss: 0.003627 | Sample: cavity/prop/case0057 (t=8)
[2026-04-30 01:38:32] [INFO] [76.48s]   [Batch 40/74] Loss: 0.019608 | Sample: cavity/geo/case0010 (t=64)
[2026-04-30 01:38:35] [INFO] [78.89s]   [Batch 45/74] Loss: 0.003640 | Sample: cavity/geo/case0008 (t=21)
[2026-04-30 01:38:37] [INFO] [81.61s]   [Batch 50/74] Loss: 0.018425 | Sample: cavity/geo/case0009 (t=28)
[2026-04-30 01:38:40] [INFO] [84.13s]   [Batch 55/74] Loss: 0.006544 | Sample: cavity/geo/case0003 (t=6)
[2026-04-30 01:38:42] [INFO] [86.50s]   [Batch 60/74] Loss: 0.029194 | Sample: cavity/geo/case0009 (t=47)
[2026-04-30 01:38:45] [INFO] [88.94s]   [Batch 65/74] Loss: 0.006285 | Sample: cavity/bc/case0006 (t=8)
[2026-04-30 01:38:47] [INFO] [91.59s]   [Batch 70/74] Loss: 0.019153 | Sample: cavity/geo/case0010 (t=15)
[2026-04-30 01:38:49] [INFO] [93.51s]   [Batch 74/74] Loss: 0.008247 | Sample: cavity/geo/case0010 (t=42)
[2026-04-30 01:38:49] [INFO] [93.53s] 
[EPOCH 2/30] TRAIN COMPLETE
[2026-04-30 01:38:49] [INFO] [93.56s]   Average Train Loss: 0.010570
[2026-04-30 01:38:49] [INFO] [93.58s]   Epoch time: 37.17s
[2026-04-30 01:38:49] [INFO] [93.61s] 
[EPOCH 2/30] EVALUATION ON TEST SET
[2026-04-30 01:38:52] [INFO] [96.07s]   Test Loss: 0.004575
[2026-04-30 01:38:52] [INFO] [96.12s]   Test Metrics:
[2026-04-30 01:38:52] [INFO] [96.15s]     MSE:  0.004575
[2026-04-30 01:38:52] [INFO] [96.17s]     RMSE: 0.067636
[2026-04-30 01:38:52] [INFO] [96.20s]     MAE:  0.049720
[2026-04-30 01:38:52] [INFO] [96.23s]     R2 (Overall): 0.995579
[2026-04-30 01:38:52] [INFO] [96.25s]     R2 (U component): 0.996036
[2026-04-30 01:38:52] [INFO] [96.27s]     R2 (V component): 0.995128
[2026-04-30 01:38:52] [INFO] [96.29s] [EPOCH 2/30] END - Time: 37.17s
[2026-04-30 01:38:52] [INFO] [96.32s] Memory: CPU Memory: 508.33MB RSS
[2026-04-30 01:38:52] [INFO] [96.33s] 
[EPOCH 3/30] START
[2026-04-30 01:38:52] [INFO] [96.35s]   Current learning rate: 1.00e-03
[2026-04-30 01:38:52] [INFO] [96.38s]   Number of batches: 74
[2026-04-30 01:38:55] [INFO] [98.75s]   [Batch 5/74] Loss: 0.008024 | Sample: cavity/bc/case0008 (t=16)
[2026-04-30 01:38:57] [INFO] [101.58s]   [Batch 10/74] Loss: 0.002515 | Sample: cavity/geo/case0008 (t=16)
[2026-04-30 01:39:00] [INFO] [104.10s]   [Batch 15/74] Loss: 0.002116 | Sample: cavity/bc/case0005 (t=4)
[2026-04-30 01:39:04] [INFO] [107.73s]   [Batch 20/74] Loss: 0.001813 | Sample: cavity/geo/case0007 (t=26)
[2026-04-30 01:39:09] [INFO] [113.47s]   [Batch 25/74] Loss: 0.011187 | Sample: cavity/geo/case0010 (t=152)
[2026-04-30 01:39:13] [INFO] [116.75s]   [Batch 30/74] Loss: 0.004400 | Sample: cavity/bc/case0005 (t=2)
[2026-04-30 01:39:16] [INFO] [120.25s]   [Batch 35/74] Loss: 0.004984 | Sample: cavity/prop/case0050 (t=2)
[2026-04-30 01:39:19] [INFO] [123.34s]   [Batch 40/74] Loss: 0.003524 | Sample: cavity/geo/case0004 (t=17)
[2026-04-30 01:39:22] [INFO] [125.79s]   [Batch 45/74] Loss: 0.005228 | Sample: cavity/geo/case0008 (t=39)
[2026-04-30 01:39:24] [INFO] [128.13s]   [Batch 50/74] Loss: 0.009347 | Sample: cavity/geo/case0010 (t=164)
[2026-04-30 01:39:27] [INFO] [131.03s]   [Batch 55/74] Loss: 0.009134 | Sample: cavity/geo/case0010 (t=86)
[2026-04-30 01:39:30] [INFO] [134.22s]   [Batch 60/74] Loss: 0.004770 | Sample: cavity/geo/case0008 (t=9)
[2026-04-30 01:39:32] [INFO] [136.64s]   [Batch 65/74] Loss: 0.003159 | Sample: cavity/geo/case0008 (t=40)
[2026-04-30 01:39:35] [INFO] [139.06s]   [Batch 70/74] Loss: 0.003185 | Sample: cavity/geo/case0010 (t=80)
[2026-04-30 01:39:37] [INFO] [141.34s]   [Batch 74/74] Loss: 0.001663 | Sample: cavity/geo/case0008 (t=17)
[2026-04-30 01:39:37] [INFO] [141.38s] 
[EPOCH 3/30] TRAIN COMPLETE
[2026-04-30 01:39:37] [INFO] [141.40s]   Average Train Loss: 0.008108
[2026-04-30 01:39:37] [INFO] [141.43s]   Epoch time: 45.04s
[2026-04-30 01:39:37] [INFO] [141.46s] 
[EPOCH 3/30] EVALUATION ON TEST SET
[2026-04-30 01:39:41] [INFO] [145.08s]   Test Loss: 0.005526
[2026-04-30 01:39:41] [INFO] [145.12s]   Test Metrics:
[2026-04-30 01:39:41] [INFO] [145.16s]     MSE:  0.005526
[2026-04-30 01:39:41] [INFO] [145.20s]     RMSE: 0.074340
[2026-04-30 01:39:41] [INFO] [145.23s]     MAE:  0.051878
[2026-04-30 01:39:41] [INFO] [145.26s]     R2 (Overall): 0.994659
[2026-04-30 01:39:41] [INFO] [145.28s]     R2 (U component): 0.996463
[2026-04-30 01:39:41] [INFO] [145.31s]     R2 (V component): 0.992880
[2026-04-30 01:39:41] [INFO] [145.34s] [EPOCH 3/30] END - Time: 45.04s
[2026-04-30 01:39:41] [INFO] [145.36s] Memory: CPU Memory: 508.33MB RSS
[2026-04-30 01:39:41] [INFO] [145.39s] 
[EPOCH 4/30] START
[2026-04-30 01:39:41] [INFO] [145.42s]   Current learning rate: 1.00e-03
[2026-04-30 01:39:41] [INFO] [145.45s]   Number of batches: 74
[2026-04-30 01:39:46] [INFO] [149.88s]   [Batch 5/74] Loss: 0.005183 | Sample: cavity/prop/case0055 (t=3)
[2026-04-30 01:39:54] [INFO] [158.20s]   [Batch 10/74] Loss: 0.005925 | Sample: cavity/geo/case0001 (t=6)
[2026-04-30 01:39:57] [INFO] [160.78s]   [Batch 15/74] Loss: 0.004422 | Sample: cavity/bc/case0007 (t=10)
[2026-04-30 01:39:59] [INFO] [163.27s]   [Batch 20/74] Loss: 0.008536 | Sample: cavity/geo/case0009 (t=1)
[2026-04-30 01:40:02] [INFO] [166.16s]   [Batch 25/74] Loss: 0.001752 | Sample: cavity/geo/case0007 (t=33)
[2026-04-30 01:40:04] [INFO] [168.60s]   [Batch 30/74] Loss: 0.002633 | Sample: cavity/geo/case0010 (t=43)
[2026-04-30 01:40:07] [INFO] [171.00s]   [Batch 35/74] Loss: 0.022845 | Sample: cavity/geo/case0008 (t=38)
[2026-04-30 01:40:09] [INFO] [173.39s]   [Batch 40/74] Loss: 0.002120 | Sample: cavity/geo/case0010 (t=4)
[2026-04-30 01:40:12] [INFO] [175.83s]   [Batch 45/74] Loss: 0.003917 | Sample: cavity/geo/case0008 (t=22)
[2026-04-30 01:40:14] [INFO] [178.23s]   [Batch 50/74] Loss: 0.024365 | Sample: cavity/geo/case0009 (t=0)
[2026-04-30 01:40:16] [INFO] [180.63s]   [Batch 55/74] Loss: 0.005432 | Sample: cavity/geo/case0010 (t=68)
[2026-04-30 01:40:19] [INFO] [182.90s]   [Batch 60/74] Loss: 0.003137 | Sample: cavity/geo/case0007 (t=13)
[2026-04-30 01:40:21] [INFO] [185.35s]   [Batch 65/74] Loss: 0.002644 | Sample: cavity/bc/case0005 (t=3)
[2026-04-30 01:40:23] [INFO] [187.70s]   [Batch 70/74] Loss: 0.014338 | Sample: cavity/geo/case0010 (t=65)
[2026-04-30 01:40:26] [INFO] [189.75s]   [Batch 74/74] Loss: 0.002313 | Sample: cavity/geo/case0010 (t=157)
[2026-04-30 01:40:26] [INFO] [189.78s] 
[EPOCH 4/30] TRAIN COMPLETE
[2026-04-30 01:40:26] [INFO] [189.80s]   Average Train Loss: 0.005522
[2026-04-30 01:40:26] [INFO] [189.82s]   Epoch time: 44.39s
[2026-04-30 01:40:26] [INFO] [189.85s] 
[EPOCH 4/30] EVALUATION ON TEST SET
[2026-04-30 01:40:28] [INFO] [192.37s]   Test Loss: 0.001951 *** BEST ***
[2026-04-30 01:40:28] [INFO] [192.39s]   Test Metrics:
[2026-04-30 01:40:28] [INFO] [192.42s]     MSE:  0.001951
[2026-04-30 01:40:28] [INFO] [192.44s]     RMSE: 0.044171
[2026-04-30 01:40:28] [INFO] [192.47s]     MAE:  0.031063
[2026-04-30 01:40:28] [INFO] [192.49s]     R2 (Overall): 0.998114
[2026-04-30 01:40:28] [INFO] [192.51s]     R2 (U component): 0.998111
[2026-04-30 01:40:28] [INFO] [192.53s]     R2 (V component): 0.998117
[2026-04-30 01:40:28] [INFO] [192.55s] [EPOCH 4/30] END - Time: 44.39s
[2026-04-30 01:40:28] [INFO] [192.57s] Memory: CPU Memory: 508.35MB RSS
[2026-04-30 01:40:28] [INFO] [192.59s] 
[EPOCH 5/30] START
[2026-04-30 01:40:28] [INFO] [192.61s]   Current learning rate: 1.00e-03
[2026-04-30 01:40:28] [INFO] [192.63s]   Number of batches: 74
[2026-04-30 01:40:31] [INFO] [194.99s]   [Batch 5/74] Loss: 0.001950 | Sample: cavity/geo/case0009 (t=54)
[2026-04-30 01:40:33] [INFO] [197.59s]   [Batch 10/74] Loss: 0.004498 | Sample: cavity/geo/case0002 (t=13)
[2026-04-30 01:40:36] [INFO] [199.89s]   [Batch 15/74] Loss: 0.001629 | Sample: cavity/geo/case0010 (t=146)
[2026-04-30 01:40:38] [INFO] [202.35s]   [Batch 20/74] Loss: 0.002064 | Sample: cavity/geo/case0010 (t=14)
[2026-04-30 01:40:40] [INFO] [204.63s]   [Batch 25/74] Loss: 0.007429 | Sample: cavity/bc/case0009 (t=13)
[2026-04-30 01:40:43] [INFO] [207.38s]   [Batch 30/74] Loss: 0.002329 | Sample: cavity/geo/case0009 (t=51)
[2026-04-30 01:40:46] [INFO] [209.95s]   [Batch 35/74] Loss: 0.003606 | Sample: cavity/bc/case0006 (t=10)
[2026-04-30 01:40:48] [INFO] [212.34s]   [Batch 40/74] Loss: 0.001720 | Sample: cavity/geo/case0010 (t=9)
[2026-04-30 01:40:50] [INFO] [214.69s]   [Batch 45/74] Loss: 0.001484 | Sample: cavity/geo/case0010 (t=109)
[2026-04-30 01:40:53] [INFO] [217.22s]   [Batch 50/74] Loss: 0.005532 | Sample: cavity/prop/case0050 (t=16)
[2026-04-30 01:40:55] [INFO] [219.56s]   [Batch 55/74] Loss: 0.002786 | Sample: cavity/geo/case0007 (t=14)
[2026-04-30 01:40:58] [INFO] [221.91s]   [Batch 60/74] Loss: 0.025169 | Sample: cavity/prop/case0053 (t=2)
[2026-04-30 01:41:00] [INFO] [224.30s]   [Batch 65/74] Loss: 0.010887 | Sample: cavity/geo/case0006 (t=3)
[2026-04-30 01:41:03] [INFO] [226.73s]   [Batch 70/74] Loss: 0.002395 | Sample: cavity/geo/case0005 (t=24)
[2026-04-30 01:41:04] [INFO] [228.64s]   [Batch 74/74] Loss: 0.001925 | Sample: cavity/bc/case0001 (t=7)
[2026-04-30 01:41:04] [INFO] [228.67s] 
[EPOCH 5/30] TRAIN COMPLETE
[2026-04-30 01:41:04] [INFO] [228.69s]   Average Train Loss: 0.004917
[2026-04-30 01:41:05] [INFO] [228.72s]   Epoch time: 36.08s
[2026-04-30 01:41:05] [INFO] [228.74s] 
[EPOCH 5/30] EVALUATION ON TEST SET
[2026-04-30 01:41:07] [INFO] [231.20s]   Test Loss: 0.002005
[2026-04-30 01:41:07] [INFO] [231.22s]   Test Metrics:
[2026-04-30 01:41:07] [INFO] [231.24s]     MSE:  0.002005
[2026-04-30 01:41:07] [INFO] [231.27s]     RMSE: 0.044779
[2026-04-30 01:41:07] [INFO] [231.29s]     MAE:  0.029670
[2026-04-30 01:41:07] [INFO] [231.31s]     R2 (Overall): 0.998062
[2026-04-30 01:41:07] [INFO] [231.34s]     R2 (U component): 0.998596
[2026-04-30 01:41:07] [INFO] [231.36s]     R2 (V component): 0.997535
[2026-04-30 01:41:07] [INFO] [231.38s] [EPOCH 5/30] END - Time: 36.08s
[2026-04-30 01:41:07] [INFO] [231.40s] Memory: CPU Memory: 516.41MB RSS
[2026-04-30 01:41:07] [INFO] [231.42s] 
[EPOCH 6/30] START
[2026-04-30 01:41:07] [INFO] [231.44s]   Current learning rate: 1.00e-03
[2026-04-30 01:41:07] [INFO] [231.46s]   Number of batches: 74
[2026-04-30 01:41:10] [INFO] [233.73s]   [Batch 5/74] Loss: 0.002185 | Sample: cavity/prop/case0057 (t=14)
[2026-04-30 01:41:12] [INFO] [236.67s]   [Batch 10/74] Loss: 0.005620 | Sample: cavity/bc/case0005 (t=6)
[2026-04-30 01:41:16] [INFO] [239.88s]   [Batch 15/74] Loss: 0.003251 | Sample: cavity/geo/case0010 (t=79)
[2026-04-30 01:41:18] [INFO] [242.32s]   [Batch 20/74] Loss: 0.009127 | Sample: cavity/geo/case0010 (t=184)
[2026-04-30 01:41:21] [INFO] [244.86s]   [Batch 25/74] Loss: 0.002434 | Sample: cavity/geo/case0009 (t=28)
[2026-04-30 01:41:24] [INFO] [247.79s]   [Batch 30/74] Loss: 0.002201 | Sample: cavity/geo/case0010 (t=42)
[2026-04-30 01:41:28] [INFO] [252.05s]   [Batch 35/74] Loss: 0.001734 | Sample: cavity/geo/case0010 (t=57)
[2026-04-30 01:41:30] [INFO] [254.60s]   [Batch 40/74] Loss: 0.001573 | Sample: cavity/bc/case0002 (t=3)
[2026-04-30 01:41:33] [INFO] [257.39s]   [Batch 45/74] Loss: 0.001936 | Sample: cavity/bc/case0002 (t=4)
[2026-04-30 01:41:36] [INFO] [260.11s]   [Batch 50/74] Loss: 0.002997 | Sample: cavity/geo/case0010 (t=64)
[2026-04-30 01:41:38] [INFO] [262.55s]   [Batch 55/74] Loss: 0.001251 | Sample: cavity/geo/case0009 (t=19)
[2026-04-30 01:41:41] [INFO] [264.85s]   [Batch 60/74] Loss: 0.001887 | Sample: cavity/geo/case0007 (t=40)
[2026-04-30 01:41:43] [INFO] [267.35s]   [Batch 65/74] Loss: 0.005966 | Sample: cavity/geo/case0004 (t=15)
[2026-04-30 01:41:46] [INFO] [270.42s]   [Batch 70/74] Loss: 0.001893 | Sample: cavity/geo/case0002 (t=0)
[2026-04-30 01:41:48] [INFO] [272.39s]   [Batch 74/74] Loss: 0.017056 | Sample: cavity/geo/case0007 (t=13)
[2026-04-30 01:41:48] [INFO] [272.41s] 
[EPOCH 6/30] TRAIN COMPLETE
[2026-04-30 01:41:48] [INFO] [272.44s]   Average Train Loss: 0.004388
[2026-04-30 01:41:48] [INFO] [272.47s]   Epoch time: 41.00s
[2026-04-30 01:41:48] [INFO] [272.49s] 
[EPOCH 6/30] EVALUATION ON TEST SET
[2026-04-30 01:41:51] [INFO] [275.24s]   Test Loss: 0.002943
[2026-04-30 01:41:51] [INFO] [275.26s]   Test Metrics:
[2026-04-30 01:41:51] [INFO] [275.29s]     MSE:  0.002943
[2026-04-30 01:41:51] [INFO] [275.31s]     RMSE: 0.054252
[2026-04-30 01:41:51] [INFO] [275.33s]     MAE:  0.039881
[2026-04-30 01:41:51] [INFO] [275.36s]     R2 (Overall): 0.997155
[2026-04-30 01:41:51] [INFO] [275.38s]     R2 (U component): 0.997167
[2026-04-30 01:41:51] [INFO] [275.41s]     R2 (V component): 0.997144
[2026-04-30 01:41:51] [INFO] [275.43s] [EPOCH 6/30] END - Time: 41.00s
[2026-04-30 01:41:51] [INFO] [275.46s] Memory: CPU Memory: 516.45MB RSS
[2026-04-30 01:41:51] [INFO] [275.48s] 
[EPOCH 7/30] START
[2026-04-30 01:41:51] [INFO] [275.50s]   Current learning rate: 1.00e-03
[2026-04-30 01:41:51] [INFO] [275.53s]   Number of batches: 74
[2026-04-30 01:41:53] [INFO] [277.59s]   [Batch 5/74] Loss: 0.005782 | Sample: cavity/geo/case0010 (t=149)
[2026-04-30 01:41:55] [INFO] [279.31s]   [Batch 10/74] Loss: 0.003781 | Sample: cavity/geo/case0003 (t=0)
[2026-04-30 01:41:57] [INFO] [280.96s]   [Batch 15/74] Loss: 0.003936 | Sample: cavity/geo/case0009 (t=32)
[2026-04-30 01:41:59] [INFO] [282.86s]   [Batch 20/74] Loss: 0.008710 | Sample: cavity/prop/case0057 (t=8)
[2026-04-30 01:42:01] [INFO] [285.19s]   [Batch 25/74] Loss: 0.002022 | Sample: cavity/prop/case0050 (t=5)
[2026-04-30 01:42:03] [INFO] [286.96s]   [Batch 30/74] Loss: 0.009211 | Sample: cavity/geo/case0006 (t=18)
[2026-04-30 01:42:05] [INFO] [288.91s]   [Batch 35/74] Loss: 0.002617 | Sample: cavity/geo/case0010 (t=161)
[2026-04-30 01:42:07] [INFO] [290.76s]   [Batch 40/74] Loss: 0.002494 | Sample: cavity/bc/case0009 (t=15)
[2026-04-30 01:42:09] [INFO] [293.35s]   [Batch 45/74] Loss: 0.024559 | Sample: cavity/geo/case0006 (t=29)
[2026-04-30 01:42:13] [INFO] [297.34s]   [Batch 50/74] Loss: 0.003034 | Sample: cavity/prop/case0051 (t=2)
[2026-04-30 01:42:16] [INFO] [299.99s]   [Batch 55/74] Loss: 0.003129 | Sample: cavity/geo/case0010 (t=184)
[2026-04-30 01:42:17] [INFO] [301.66s]   [Batch 60/74] Loss: 0.004449 | Sample: cavity/prop/case0050 (t=19)
[2026-04-30 01:42:19] [INFO] [303.31s]   [Batch 65/74] Loss: 0.003013 | Sample: cavity/geo/case0010 (t=129)
[2026-04-30 01:42:22] [INFO] [306.58s]   [Batch 70/74] Loss: 0.003258 | Sample: cavity/geo/case0007 (t=34)
[2026-04-30 01:42:27] [INFO] [311.21s]   [Batch 74/74] Loss: 0.002615 | Sample: cavity/prop/case0050 (t=1)
[2026-04-30 01:42:27] [INFO] [311.24s] 
[EPOCH 7/30] TRAIN COMPLETE
[2026-04-30 01:42:27] [INFO] [311.26s]   Average Train Loss: 0.005198
[2026-04-30 01:42:27] [INFO] [311.29s]   Epoch time: 35.76s
[2026-04-30 01:42:27] [INFO] [311.31s] 
[EPOCH 7/30] EVALUATION ON TEST SET
[2026-04-30 01:42:30] [INFO] [314.12s]   Test Loss: 0.002192
[2026-04-30 01:42:30] [INFO] [314.14s]   Test Metrics:
[2026-04-30 01:42:30] [INFO] [314.16s]     MSE:  0.002192
[2026-04-30 01:42:30] [INFO] [314.19s]     RMSE: 0.046816
[2026-04-30 01:42:30] [INFO] [314.21s]     MAE:  0.032165
[2026-04-30 01:42:30] [INFO] [314.24s]     R2 (Overall): 0.997882
[2026-04-30 01:42:30] [INFO] [314.27s]     R2 (U component): 0.998381
[2026-04-30 01:42:30] [INFO] [314.29s]     R2 (V component): 0.997389
[2026-04-30 01:42:30] [INFO] [314.30s] [EPOCH 7/30] END - Time: 35.76s
[2026-04-30 01:42:30] [INFO] [314.32s] Memory: CPU Memory: 516.49MB RSS
[2026-04-30 01:42:30] [INFO] [314.34s] 
[EPOCH 8/30] START
[2026-04-30 01:42:30] [INFO] [314.36s]   Current learning rate: 1.00e-03
[2026-04-30 01:42:30] [INFO] [314.37s]   Number of batches: 74
[2026-04-30 01:42:32] [INFO] [316.16s]   [Batch 5/74] Loss: 0.005247 | Sample: cavity/geo/case0008 (t=40)
[2026-04-30 01:42:34] [INFO] [318.03s]   [Batch 10/74] Loss: 0.003313 | Sample: cavity/geo/case0010 (t=51)
[2026-04-30 01:42:36] [INFO] [320.03s]   [Batch 15/74] Loss: 0.009011 | Sample: cavity/bc/case0009 (t=19)
[2026-04-30 01:42:38] [INFO] [321.87s]   [Batch 20/74] Loss: 0.002444 | Sample: cavity/geo/case0006 (t=18)
[2026-04-30 01:42:40] [INFO] [323.79s]   [Batch 25/74] Loss: 0.001221 | Sample: cavity/bc/case0006 (t=3)
[2026-04-30 01:42:41] [INFO] [325.54s]   [Batch 30/74] Loss: 0.001823 | Sample: cavity/bc/case0001 (t=0)
[2026-04-30 01:42:43] [INFO] [327.16s]   [Batch 35/74] Loss: 0.002055 | Sample: cavity/prop/case0055 (t=3)
[2026-04-30 01:42:45] [INFO] [328.75s]   [Batch 40/74] Loss: 0.001174 | Sample: cavity/geo/case0001 (t=21)
[2026-04-30 01:42:48] [INFO] [331.92s]   [Batch 45/74] Loss: 0.004032 | Sample: cavity/geo/case0009 (t=39)
[2026-04-30 01:42:50] [INFO] [334.19s]   [Batch 50/74] Loss: 0.008205 | Sample: cavity/geo/case0006 (t=4)
[2026-04-30 01:42:52] [INFO] [336.37s]   [Batch 55/74] Loss: 0.001277 | Sample: cavity/geo/case0006 (t=29)
[2026-04-30 01:42:55] [INFO] [339.35s]   [Batch 60/74] Loss: 0.000984 | Sample: cavity/bc/case0007 (t=9)
[2026-04-30 01:42:57] [INFO] [341.49s]   [Batch 65/74] Loss: 0.001463 | Sample: cavity/bc/case0006 (t=7)
[2026-04-30 01:42:59] [INFO] [343.04s]   [Batch 70/74] Loss: 0.011420 | Sample: cavity/geo/case0009 (t=50)
[2026-04-30 01:43:01] [INFO] [344.75s]   [Batch 74/74] Loss: 0.001838 | Sample: cavity/geo/case0005 (t=7)
[2026-04-30 01:43:01] [INFO] [344.77s] 
[EPOCH 8/30] TRAIN COMPLETE
[2026-04-30 01:43:01] [INFO] [344.80s]   Average Train Loss: 0.004289
[2026-04-30 01:43:01] [INFO] [344.82s]   Epoch time: 30.43s
[2026-04-30 01:43:01] [INFO] [344.84s] 
[EPOCH 8/30] EVALUATION ON TEST SET
[2026-04-30 01:43:03] [INFO] [347.53s]   Test Loss: 0.001891 *** BEST ***
[2026-04-30 01:43:03] [INFO] [347.55s]   Test Metrics:
[2026-04-30 01:43:03] [INFO] [347.57s]     MSE:  0.001891
[2026-04-30 01:43:03] [INFO] [347.60s]     RMSE: 0.043488
[2026-04-30 01:43:03] [INFO] [347.62s]     MAE:  0.030540
[2026-04-30 01:43:03] [INFO] [347.64s]     R2 (Overall): 0.998172
[2026-04-30 01:43:03] [INFO] [347.67s]     R2 (U component): 0.998278
[2026-04-30 01:43:03] [INFO] [347.69s]     R2 (V component): 0.998068
[2026-04-30 01:43:03] [INFO] [347.71s] [EPOCH 8/30] END - Time: 30.43s
[2026-04-30 01:43:04] [INFO] [347.73s] Memory: CPU Memory: 516.49MB RSS
[2026-04-30 01:43:04] [INFO] [347.75s] 
[EPOCH 9/30] START
[2026-04-30 01:43:04] [INFO] [347.77s]   Current learning rate: 1.00e-03
[2026-04-30 01:43:04] [INFO] [347.79s]   Number of batches: 74
[2026-04-30 01:43:07] [INFO] [351.00s]   [Batch 5/74] Loss: 0.001472 | Sample: cavity/bc/case0008 (t=2)
[2026-04-30 01:43:09] [INFO] [353.43s]   [Batch 10/74] Loss: 0.003811 | Sample: cavity/geo/case0008 (t=28)
[2026-04-30 01:43:11] [INFO] [355.31s]   [Batch 15/74] Loss: 0.009919 | Sample: cavity/bc/case0005 (t=6)
[2026-04-30 01:43:13] [INFO] [356.98s]   [Batch 20/74] Loss: 0.002848 | Sample: cavity/geo/case0010 (t=162)
[2026-04-30 01:43:14] [INFO] [358.52s]   [Batch 25/74] Loss: 0.005630 | Sample: cavity/geo/case0010 (t=173)
[2026-04-30 01:43:16] [INFO] [360.18s]   [Batch 30/74] Loss: 0.003716 | Sample: cavity/geo/case0010 (t=2)
[2026-04-30 01:43:18] [INFO] [362.15s]   [Batch 35/74] Loss: 0.006701 | Sample: cavity/geo/case0010 (t=5)
[2026-04-30 01:43:19] [INFO] [363.66s]   [Batch 40/74] Loss: 0.002295 | Sample: cavity/geo/case0001 (t=4)
[2026-04-30 01:43:21] [INFO] [365.29s]   [Batch 45/74] Loss: 0.001808 | Sample: cavity/geo/case0010 (t=52)
[2026-04-30 01:43:23] [INFO] [366.88s]   [Batch 50/74] Loss: 0.002748 | Sample: cavity/geo/case0009 (t=34)
[2026-04-30 01:43:25] [INFO] [368.82s]   [Batch 55/74] Loss: 0.001874 | Sample: cavity/geo/case0004 (t=14)
[2026-04-30 01:43:27] [INFO] [371.03s]   [Batch 60/74] Loss: 0.023119 | Sample: cavity/bc/case0004 (t=5)
[2026-04-30 01:43:29] [INFO] [373.37s]   [Batch 65/74] Loss: 0.007593 | Sample: cavity/geo/case0010 (t=120)
[2026-04-30 01:43:31] [INFO] [375.36s]   [Batch 70/74] Loss: 0.001880 | Sample: cavity/geo/case0009 (t=6)
[2026-04-30 01:43:33] [INFO] [377.31s]   [Batch 74/74] Loss: 0.003835 | Sample: cavity/geo/case0001 (t=2)
[2026-04-30 01:43:33] [INFO] [377.32s] 
[EPOCH 9/30] TRAIN COMPLETE
[2026-04-30 01:43:33] [INFO] [377.34s]   Average Train Loss: 0.004723
[2026-04-30 01:43:33] [INFO] [377.36s]   Epoch time: 29.57s
[2026-04-30 01:43:33] [INFO] [377.37s] 
[EPOCH 9/30] EVALUATION ON TEST SET
[2026-04-30 01:43:35] [INFO] [379.22s]   Test Loss: 0.001950
[2026-04-30 01:43:35] [INFO] [379.24s]   Test Metrics:
[2026-04-30 01:43:35] [INFO] [379.26s]     MSE:  0.001950
[2026-04-30 01:43:35] [INFO] [379.27s]     RMSE: 0.044155
[2026-04-30 01:43:35] [INFO] [379.29s]     MAE:  0.030695
[2026-04-30 01:43:35] [INFO] [379.30s]     R2 (Overall): 0.998116
[2026-04-30 01:43:35] [INFO] [379.33s]     R2 (U component): 0.998352
[2026-04-30 01:43:35] [INFO] [379.34s]     R2 (V component): 0.997883
[2026-04-30 01:43:35] [INFO] [379.36s] [EPOCH 9/30] END - Time: 29.57s
[2026-04-30 01:43:35] [INFO] [379.37s] Memory: CPU Memory: 516.49MB RSS
[2026-04-30 01:43:35] [INFO] [379.39s] 
[EPOCH 10/30] START
[2026-04-30 01:43:35] [INFO] [379.40s]   Current learning rate: 1.00e-03
[2026-04-30 01:43:35] [INFO] [379.41s]   Number of batches: 74
[2026-04-30 01:43:37] [INFO] [381.02s]   [Batch 5/74] Loss: 0.003758 | Sample: cavity/geo/case0010 (t=135)
[2026-04-30 01:43:39] [INFO] [383.01s]   [Batch 10/74] Loss: 0.001735 | Sample: cavity/bc/case0005 (t=12)
[2026-04-30 01:43:40] [INFO] [384.62s]   [Batch 15/74] Loss: 0.001832 | Sample: cavity/geo/case0005 (t=4)
[2026-04-30 01:43:43] [INFO] [386.95s]   [Batch 20/74] Loss: 0.002296 | Sample: cavity/geo/case0006 (t=40)
[2026-04-30 01:43:46] [INFO] [390.70s]   [Batch 25/74] Loss: 0.001286 | Sample: cavity/geo/case0003 (t=10)
[2026-04-30 01:43:49] [INFO] [393.50s]   [Batch 30/74] Loss: 0.001575 | Sample: cavity/geo/case0008 (t=25)
[2026-04-30 01:43:51] [INFO] [395.35s]   [Batch 35/74] Loss: 0.005518 | Sample: cavity/geo/case0005 (t=0)
[2026-04-30 01:43:53] [INFO] [396.90s]   [Batch 40/74] Loss: 0.001597 | Sample: cavity/geo/case0009 (t=25)
[2026-04-30 01:43:54] [INFO] [398.56s]   [Batch 45/74] Loss: 0.001387 | Sample: cavity/geo/case0008 (t=12)
[2026-04-30 01:43:56] [INFO] [400.18s]   [Batch 50/74] Loss: 0.002898 | Sample: cavity/geo/case0003 (t=11)
[2026-04-30 01:43:57] [INFO] [401.71s]   [Batch 55/74] Loss: 0.002013 | Sample: cavity/geo/case0008 (t=15)
[2026-04-30 01:43:59] [INFO] [403.39s]   [Batch 60/74] Loss: 0.001998 | Sample: cavity/geo/case0002 (t=2)
[2026-04-30 01:44:01] [INFO] [404.96s]   [Batch 65/74] Loss: 0.004993 | Sample: cavity/geo/case0010 (t=118)
[2026-04-30 01:44:02] [INFO] [406.67s]   [Batch 70/74] Loss: 0.001166 | Sample: cavity/geo/case0008 (t=33)
[2026-04-30 01:44:04] [INFO] [408.26s]   [Batch 74/74] Loss: 0.027862 | Sample: cavity/bc/case0002 (t=2)
[2026-04-30 01:44:04] [INFO] [408.27s] 
[EPOCH 10/30] TRAIN COMPLETE
[2026-04-30 01:44:04] [INFO] [408.29s]   Average Train Loss: 0.003651
[2026-04-30 01:44:04] [INFO] [408.31s]   Epoch time: 28.89s
[2026-04-30 01:44:04] [INFO] [408.33s] 
[EPOCH 10/30] EVALUATION ON TEST SET
[2026-04-30 01:44:06] [INFO] [410.01s]   Test Loss: 0.001713 *** BEST ***
[2026-04-30 01:44:06] [INFO] [410.02s]   Test Metrics:
[2026-04-30 01:44:06] [INFO] [410.04s]     MSE:  0.001713
[2026-04-30 01:44:06] [INFO] [410.05s]     RMSE: 0.041391
[2026-04-30 01:44:06] [INFO] [410.07s]     MAE:  0.027987
[2026-04-30 01:44:06] [INFO] [410.09s]     R2 (Overall): 0.998344
[2026-04-30 01:44:06] [INFO] [410.12s]     R2 (U component): 0.998195
[2026-04-30 01:44:06] [INFO] [410.14s]     R2 (V component): 0.998491
[2026-04-30 01:44:06] [INFO] [410.16s] [EPOCH 10/30] END - Time: 28.89s
[2026-04-30 01:44:06] [INFO] [410.17s] Memory: CPU Memory: 516.50MB RSS
[2026-04-30 01:44:06] [INFO] [410.19s] 
[EPOCH 11/30] START
[2026-04-30 01:44:06] [INFO] [410.20s]   Current learning rate: 1.00e-03
[2026-04-30 01:44:06] [INFO] [410.21s]   Number of batches: 74
[2026-04-30 01:44:09] [INFO] [412.85s]   [Batch 5/74] Loss: 0.001693 | Sample: cavity/geo/case0005 (t=3)
[2026-04-30 01:44:12] [INFO] [416.20s]   [Batch 10/74] Loss: 0.010982 | Sample: cavity/prop/case0054 (t=0)
[2026-04-30 01:44:16] [INFO] [419.80s]   [Batch 15/74] Loss: 0.003664 | Sample: cavity/geo/case0003 (t=8)
[2026-04-30 01:44:20] [INFO] [424.54s]   [Batch 20/74] Loss: 0.002426 | Sample: cavity/prop/case0057 (t=27)
[2026-04-30 01:44:23] [INFO] [426.79s]   [Batch 25/74] Loss: 0.007263 | Sample: cavity/geo/case0010 (t=123)
[2026-04-30 01:44:24] [INFO] [428.66s]   [Batch 30/74] Loss: 0.001437 | Sample: cavity/geo/case0009 (t=18)
[2026-04-30 01:44:26] [INFO] [430.25s]   [Batch 35/74] Loss: 0.003483 | Sample: cavity/geo/case0009 (t=7)
[2026-04-30 01:44:28] [INFO] [431.96s]   [Batch 40/74] Loss: 0.006537 | Sample: cavity/geo/case0010 (t=196)
[2026-04-30 01:44:29] [INFO] [433.63s]   [Batch 45/74] Loss: 0.004589 | Sample: cavity/prop/case0057 (t=21)
[2026-04-30 01:44:31] [INFO] [435.31s]   [Batch 50/74] Loss: 0.001860 | Sample: cavity/geo/case0006 (t=11)
[2026-04-30 01:44:33] [INFO] [437.37s]   [Batch 55/74] Loss: 0.010837 | Sample: cavity/geo/case0005 (t=27)
[2026-04-30 01:44:35] [INFO] [439.16s]   [Batch 60/74] Loss: 0.002657 | Sample: cavity/geo/case0006 (t=37)
[2026-04-30 01:44:37] [INFO] [440.75s]   [Batch 65/74] Loss: 0.001829 | Sample: cavity/prop/case0059 (t=4)
[2026-04-30 01:44:38] [INFO] [442.29s]   [Batch 70/74] Loss: 0.001909 | Sample: cavity/geo/case0010 (t=66)
[2026-04-30 01:44:40] [INFO] [443.90s]   [Batch 74/74] Loss: 0.002068 | Sample: cavity/geo/case0004 (t=11)
[2026-04-30 01:44:40] [INFO] [443.92s] 
[EPOCH 11/30] TRAIN COMPLETE
[2026-04-30 01:44:40] [INFO] [443.94s]   Average Train Loss: 0.004513
[2026-04-30 01:44:40] [INFO] [443.96s]   Epoch time: 33.74s
[2026-04-30 01:44:40] [INFO] [443.98s] 
[EPOCH 11/30] EVALUATION ON TEST SET
[2026-04-30 01:44:42] [INFO] [446.01s]   Test Loss: 0.002323
[2026-04-30 01:44:42] [INFO] [446.03s]   Test Metrics:
[2026-04-30 01:44:42] [INFO] [446.05s]     MSE:  0.002323
[2026-04-30 01:44:42] [INFO] [446.06s]     RMSE: 0.048199
[2026-04-30 01:44:42] [INFO] [446.08s]     MAE:  0.033486
[2026-04-30 01:44:42] [INFO] [446.11s]     R2 (Overall): 0.997755
[2026-04-30 01:44:42] [INFO] [446.13s]     R2 (U component): 0.998134
[2026-04-30 01:44:42] [INFO] [446.15s]     R2 (V component): 0.997381
[2026-04-30 01:44:42] [INFO] [446.17s] [EPOCH 11/30] END - Time: 33.74s
[2026-04-30 01:44:42] [INFO] [446.19s] Memory: CPU Memory: 516.50MB RSS
[2026-04-30 01:44:42] [INFO] [446.20s] 
[EPOCH 12/30] START
[2026-04-30 01:44:42] [INFO] [446.22s]   Current learning rate: 1.00e-03
[2026-04-30 01:44:42] [INFO] [446.23s]   Number of batches: 74
[2026-04-30 01:44:44] [INFO] [448.35s]   [Batch 5/74] Loss: 0.008501 | Sample: cavity/geo/case0010 (t=22)
[2026-04-30 01:44:46] [INFO] [450.33s]   [Batch 10/74] Loss: 0.001622 | Sample: cavity/geo/case0007 (t=12)
[2026-04-30 01:44:48] [INFO] [451.85s]   [Batch 15/74] Loss: 0.020205 | Sample: cavity/geo/case0010 (t=110)
[2026-04-30 01:44:49] [INFO] [453.46s]   [Batch 20/74] Loss: 0.012397 | Sample: cavity/geo/case0010 (t=37)
[2026-04-30 01:44:51] [INFO] [455.38s]   [Batch 25/74] Loss: 0.002233 | Sample: cavity/geo/case0005 (t=1)
[2026-04-30 01:44:53] [INFO] [457.04s]   [Batch 30/74] Loss: 0.001831 | Sample: cavity/bc/case0004 (t=0)
[2026-04-30 01:44:54] [INFO] [458.62s]   [Batch 35/74] Loss: 0.002325 | Sample: cavity/geo/case0008 (t=28)
[2026-04-30 01:44:56] [INFO] [460.38s]   [Batch 40/74] Loss: 0.002892 | Sample: cavity/bc/case0005 (t=4)
[2026-04-30 01:44:58] [INFO] [462.08s]   [Batch 45/74] Loss: 0.001630 | Sample: cavity/bc/case0008 (t=3)
[2026-04-30 01:45:00] [INFO] [463.71s]   [Batch 50/74] Loss: 0.002000 | Sample: cavity/geo/case0009 (t=51)
[2026-04-30 01:45:01] [INFO] [465.53s]   [Batch 55/74] Loss: 0.002582 | Sample: cavity/prop/case0050 (t=0)
[2026-04-30 01:45:03] [INFO] [467.45s]   [Batch 60/74] Loss: 0.001850 | Sample: cavity/geo/case0009 (t=54)
[2026-04-30 01:45:05] [INFO] [469.30s]   [Batch 65/74] Loss: 0.002755 | Sample: cavity/bc/case0000 (t=4)
[2026-04-30 01:45:07] [INFO] [471.06s]   [Batch 70/74] Loss: 0.023282 | Sample: cavity/geo/case0010 (t=119)
[2026-04-30 01:45:08] [INFO] [472.42s]   [Batch 74/74] Loss: 0.002156 | Sample: cavity/bc/case0003 (t=8)
[2026-04-30 01:45:08] [INFO] [472.44s] 
[EPOCH 12/30] TRAIN COMPLETE
[2026-04-30 01:45:08] [INFO] [472.45s]   Average Train Loss: 0.004230
[2026-04-30 01:45:08] [INFO] [472.47s]   Epoch time: 26.24s
[2026-04-30 01:45:08] [INFO] [472.49s] 
[EPOCH 12/30] EVALUATION ON TEST SET
[2026-04-30 01:45:10] [INFO] [474.47s]   Test Loss: 0.003775
[2026-04-30 01:45:10] [INFO] [474.49s]   Test Metrics:
[2026-04-30 01:45:10] [INFO] [474.52s]     MSE:  0.003775
[2026-04-30 01:45:10] [INFO] [474.54s]     RMSE: 0.061441
[2026-04-30 01:45:10] [INFO] [474.56s]     MAE:  0.041842
[2026-04-30 01:45:10] [INFO] [474.58s]     R2 (Overall): 0.996352
[2026-04-30 01:45:10] [INFO] [474.60s]     R2 (U component): 0.995766
[2026-04-30 01:45:10] [INFO] [474.62s]     R2 (V component): 0.996928
[2026-04-30 01:45:10] [INFO] [474.63s] [EPOCH 12/30] END - Time: 26.24s
[2026-04-30 01:45:10] [INFO] [474.65s] Memory: CPU Memory: 516.50MB RSS
[2026-04-30 01:45:10] [INFO] [474.66s] 
[EPOCH 13/30] START
[2026-04-30 01:45:10] [INFO] [474.68s]   Current learning rate: 1.00e-03
[2026-04-30 01:45:10] [INFO] [474.69s]   Number of batches: 74
[2026-04-30 01:45:12] [INFO] [476.27s]   [Batch 5/74] Loss: 0.006146 | Sample: cavity/bc/case0001 (t=9)
[2026-04-30 01:45:14] [INFO] [477.85s]   [Batch 10/74] Loss: 0.002708 | Sample: cavity/geo/case0010 (t=86)
[2026-04-30 01:45:15] [INFO] [479.68s]   [Batch 15/74] Loss: 0.005589 | Sample: cavity/geo/case0009 (t=18)
[2026-04-30 01:45:17] [INFO] [481.65s]   [Batch 20/74] Loss: 0.002832 | Sample: cavity/geo/case0008 (t=1)
[2026-04-30 01:45:19] [INFO] [483.46s]   [Batch 25/74] Loss: 0.009517 | Sample: cavity/prop/case0052 (t=0)
[2026-04-30 01:45:21] [INFO] [485.64s]   [Batch 30/74] Loss: 0.001691 | Sample: cavity/geo/case0010 (t=63)
[2026-04-30 01:45:25] [INFO] [488.87s]   [Batch 35/74] Loss: 0.003717 | Sample: cavity/geo/case0009 (t=19)
[2026-04-30 01:45:27] [INFO] [490.98s]   [Batch 40/74] Loss: 0.001137 | Sample: cavity/geo/case0005 (t=35)
[2026-04-30 01:45:29] [INFO] [492.80s]   [Batch 45/74] Loss: 0.002855 | Sample: cavity/geo/case0006 (t=22)
[2026-04-30 01:45:30] [INFO] [494.67s]   [Batch 50/74] Loss: 0.037382 | Sample: cavity/geo/case0008 (t=12)
[2026-04-30 01:45:32] [INFO] [496.60s]   [Batch 55/74] Loss: 0.002401 | Sample: cavity/geo/case0003 (t=10)
[2026-04-30 01:45:34] [INFO] [498.47s]   [Batch 60/74] Loss: 0.001654 | Sample: cavity/geo/case0006 (t=9)
[2026-04-30 01:45:36] [INFO] [500.39s]   [Batch 65/74] Loss: 0.022257 | Sample: cavity/geo/case0004 (t=19)
[2026-04-30 01:45:38] [INFO] [502.21s]   [Batch 70/74] Loss: 0.001489 | Sample: cavity/geo/case0010 (t=32)
[2026-04-30 01:45:39] [INFO] [503.67s]   [Batch 74/74] Loss: 0.002807 | Sample: cavity/geo/case0005 (t=27)
[2026-04-30 01:45:39] [INFO] [503.68s] 
[EPOCH 13/30] TRAIN COMPLETE
[2026-04-30 01:45:39] [INFO] [503.70s]   Average Train Loss: 0.004213
[2026-04-30 01:45:40] [INFO] [503.72s]   Epoch time: 29.02s
[2026-04-30 01:45:40] [INFO] [503.74s] 
[EPOCH 13/30] EVALUATION ON TEST SET
[2026-04-30 01:45:42] [INFO] [505.75s]   Test Loss: 0.001604 *** BEST ***
[2026-04-30 01:45:42] [INFO] [505.77s]   Test Metrics:
[2026-04-30 01:45:42] [INFO] [505.79s]     MSE:  0.001604
[2026-04-30 01:45:42] [INFO] [505.81s]     RMSE: 0.040051
[2026-04-30 01:45:42] [INFO] [505.83s]     MAE:  0.026762
[2026-04-30 01:45:42] [INFO] [505.86s]     R2 (Overall): 0.998450
[2026-04-30 01:45:42] [INFO] [505.88s]     R2 (U component): 0.998343
[2026-04-30 01:45:42] [INFO] [505.89s]     R2 (V component): 0.998555
[2026-04-30 01:45:42] [INFO] [505.91s] [EPOCH 13/30] END - Time: 29.02s
[2026-04-30 01:45:42] [INFO] [505.92s] Memory: CPU Memory: 516.51MB RSS
[2026-04-30 01:45:42] [INFO] [505.94s] 
[EPOCH 14/30] START
[2026-04-30 01:45:42] [INFO] [505.96s]   Current learning rate: 1.00e-03
[2026-04-30 01:45:42] [INFO] [505.98s]   Number of batches: 74
[2026-04-30 01:45:44] [INFO] [507.89s]   [Batch 5/74] Loss: 0.000846 | Sample: cavity/geo/case0010 (t=184)
[2026-04-30 01:45:46] [INFO] [509.83s]   [Batch 10/74] Loss: 0.002538 | Sample: cavity/geo/case0010 (t=133)
[2026-04-30 01:45:48] [INFO] [512.05s]   [Batch 15/74] Loss: 0.001960 | Sample: cavity/geo/case0004 (t=7)
[2026-04-30 01:45:50] [INFO] [514.33s]   [Batch 20/74] Loss: 0.003221 | Sample: cavity/bc/case0002 (t=4)
[2026-04-30 01:45:53] [INFO] [516.79s]   [Batch 25/74] Loss: 0.002870 | Sample: cavity/bc/case0008 (t=5)
[2026-04-30 01:45:55] [INFO] [519.51s]   [Batch 30/74] Loss: 0.002599 | Sample: cavity/geo/case0008 (t=38)
[2026-04-30 01:45:58] [INFO] [522.21s]   [Batch 35/74] Loss: 0.021519 | Sample: cavity/geo/case0010 (t=129)
[2026-04-30 01:46:00] [INFO] [524.42s]   [Batch 40/74] Loss: 0.001419 | Sample: cavity/geo/case0010 (t=94)
[2026-04-30 01:46:03] [INFO] [526.81s]   [Batch 45/74] Loss: 0.001152 | Sample: cavity/bc/case0000 (t=6)
[2026-04-30 01:46:05] [INFO] [529.10s]   [Batch 50/74] Loss: 0.001240 | Sample: cavity/geo/case0004 (t=8)
[2026-04-30 01:46:08] [INFO] [532.41s]   [Batch 55/74] Loss: 0.001883 | Sample: cavity/prop/case0058 (t=7)
[2026-04-30 01:46:13] [INFO] [536.91s]   [Batch 60/74] Loss: 0.001935 | Sample: cavity/geo/case0010 (t=160)
[2026-04-30 01:46:16] [INFO] [540.56s]   [Batch 65/74] Loss: 0.003353 | Sample: cavity/geo/case0010 (t=150)
[2026-04-30 01:46:19] [INFO] [543.18s]   [Batch 70/74] Loss: 0.001407 | Sample: cavity/bc/case0008 (t=7)
[2026-04-30 01:46:21] [INFO] [544.99s]   [Batch 74/74] Loss: 0.002803 | Sample: cavity/bc/case0009 (t=16)
[2026-04-30 01:46:21] [INFO] [545.02s] 
[EPOCH 14/30] TRAIN COMPLETE
[2026-04-30 01:46:21] [INFO] [545.04s]   Average Train Loss: 0.003816
[2026-04-30 01:46:21] [INFO] [545.07s]   Epoch time: 39.08s
[2026-04-30 01:46:21] [INFO] [545.09s] 
[EPOCH 14/30] EVALUATION ON TEST SET
[2026-04-30 01:46:24] [INFO] [548.40s]   Test Loss: 0.001835
[2026-04-30 01:46:24] [INFO] [548.42s]   Test Metrics:
[2026-04-30 01:46:24] [INFO] [548.45s]     MSE:  0.001835
[2026-04-30 01:46:24] [INFO] [548.48s]     RMSE: 0.042834
[2026-04-30 01:46:24] [INFO] [548.50s]     MAE:  0.030472
[2026-04-30 01:46:24] [INFO] [548.52s]     R2 (Overall): 0.998227
[2026-04-30 01:46:24] [INFO] [548.55s]     R2 (U component): 0.998159
[2026-04-30 01:46:24] [INFO] [548.59s]     R2 (V component): 0.998293
[2026-04-30 01:46:24] [INFO] [548.62s] [EPOCH 14/30] END - Time: 39.08s
[2026-04-30 01:46:24] [INFO] [548.64s] Memory: CPU Memory: 516.52MB RSS
[2026-04-30 01:46:24] [INFO] [548.67s] 
[EPOCH 15/30] START
[2026-04-30 01:46:25] [INFO] [548.75s]   Current learning rate: 1.00e-03
[2026-04-30 01:46:25] [INFO] [548.79s]   Number of batches: 74
[2026-04-30 01:46:32] [INFO] [555.73s]   [Batch 5/74] Loss: 0.008880 | Sample: cavity/geo/case0010 (t=19)
[2026-04-30 01:46:34] [INFO] [558.61s]   [Batch 10/74] Loss: 0.000837 | Sample: cavity/bc/case0003 (t=7)
[2026-04-30 01:46:37] [INFO] [561.04s]   [Batch 15/74] Loss: 0.002712 | Sample: cavity/geo/case0010 (t=41)
[2026-04-30 01:46:39] [INFO] [563.69s]   [Batch 20/74] Loss: 0.005019 | Sample: cavity/prop/case0056 (t=2)
[2026-04-30 01:46:43] [INFO] [567.06s]   [Batch 25/74] Loss: 0.001146 | Sample: cavity/geo/case0007 (t=40)
[2026-04-30 01:46:46] [INFO] [570.23s]   [Batch 30/74] Loss: 0.002085 | Sample: cavity/bc/case0003 (t=6)
[2026-04-30 01:46:49] [INFO] [573.11s]   [Batch 35/74] Loss: 0.008512 | Sample: cavity/geo/case0010 (t=133)
[2026-04-30 01:46:52] [INFO] [576.52s]   [Batch 40/74] Loss: 0.001931 | Sample: cavity/geo/case0008 (t=27)
[2026-04-30 01:46:58] [INFO] [581.72s]   [Batch 45/74] Loss: 0.005049 | Sample: cavity/prop/case0058 (t=6)
[2026-04-30 01:47:02] [INFO] [586.54s]   [Batch 50/74] Loss: 0.001647 | Sample: cavity/geo/case0006 (t=32)
[2026-04-30 01:47:09] [INFO] [593.20s]   [Batch 55/74] Loss: 0.005634 | Sample: cavity/prop/case0059 (t=3)
[2026-04-30 01:47:12] [INFO] [595.86s]   [Batch 60/74] Loss: 0.001487 | Sample: cavity/bc/case0005 (t=9)
[2026-04-30 01:47:14] [INFO] [598.52s]   [Batch 65/74] Loss: 0.002133 | Sample: cavity/geo/case0009 (t=48)
[2026-04-30 01:47:17] [INFO] [601.09s]   [Batch 70/74] Loss: 0.001688 | Sample: cavity/geo/case0007 (t=19)
[2026-04-30 01:47:19] [INFO] [603.21s]   [Batch 74/74] Loss: 0.001500 | Sample: cavity/geo/case0003 (t=10)
[2026-04-30 01:47:19] [INFO] [603.24s] 
[EPOCH 15/30] TRAIN COMPLETE
[2026-04-30 01:47:19] [INFO] [603.26s]   Average Train Loss: 0.003584
[2026-04-30 01:47:19] [INFO] [603.29s]   Epoch time: 54.57s
[2026-04-30 01:47:19] [INFO] [603.31s] 
[EPOCH 15/30] EVALUATION ON TEST SET
[2026-04-30 01:47:22] [INFO] [605.78s]   Test Loss: 0.001692
[2026-04-30 01:47:22] [INFO] [605.80s]   Test Metrics:
[2026-04-30 01:47:22] [INFO] [605.83s]     MSE:  0.001692
[2026-04-30 01:47:22] [INFO] [605.85s]     RMSE: 0.041129
[2026-04-30 01:47:22] [INFO] [605.88s]     MAE:  0.027102
[2026-04-30 01:47:22] [INFO] [605.91s]     R2 (Overall): 0.998365
[2026-04-30 01:47:22] [INFO] [605.93s]     R2 (U component): 0.998396
[2026-04-30 01:47:22] [INFO] [605.96s]     R2 (V component): 0.998335
[2026-04-30 01:47:22] [INFO] [605.98s] [EPOCH 15/30] END - Time: 54.57s
[2026-04-30 01:47:22] [INFO] [606.00s] Memory: CPU Memory: 516.52MB RSS
[2026-04-30 01:47:22] [INFO] [606.03s] 
[EPOCH 16/30] START
[2026-04-30 01:47:22] [INFO] [606.05s]   Current learning rate: 5.00e-04
[2026-04-30 01:47:22] [INFO] [606.07s]   Number of batches: 74
[2026-04-30 01:47:24] [INFO] [608.44s]   [Batch 5/74] Loss: 0.000937 | Sample: cavity/geo/case0010 (t=38)
[2026-04-30 01:47:27] [INFO] [610.76s]   [Batch 10/74] Loss: 0.003151 | Sample: cavity/bc/case0008 (t=16)
[2026-04-30 01:47:29] [INFO] [613.22s]   [Batch 15/74] Loss: 0.001548 | Sample: cavity/bc/case0004 (t=3)
[2026-04-30 01:47:31] [INFO] [615.56s]   [Batch 20/74] Loss: 0.007582 | Sample: cavity/prop/case0050 (t=5)
[2026-04-30 01:47:34] [INFO] [617.86s]   [Batch 25/74] Loss: 0.002171 | Sample: cavity/geo/case0009 (t=8)
[2026-04-30 01:47:36] [INFO] [620.13s]   [Batch 30/74] Loss: 0.002992 | Sample: cavity/geo/case0005 (t=13)
[2026-04-30 01:47:38] [INFO] [622.54s]   [Batch 35/74] Loss: 0.001394 | Sample: cavity/geo/case0010 (t=191)
[2026-04-30 01:47:41] [INFO] [625.06s]   [Batch 40/74] Loss: 0.012048 | Sample: cavity/geo/case0005 (t=2)
[2026-04-30 01:47:43] [INFO] [627.41s]   [Batch 45/74] Loss: 0.000876 | Sample: cavity/geo/case0009 (t=55)
[2026-04-30 01:47:46] [INFO] [630.00s]   [Batch 50/74] Loss: 0.004843 | Sample: cavity/bc/case0000 (t=2)
[2026-04-30 01:47:48] [INFO] [632.56s]   [Batch 55/74] Loss: 0.001329 | Sample: cavity/bc/case0006 (t=8)
[2026-04-30 01:47:51] [INFO] [635.36s]   [Batch 60/74] Loss: 0.000649 | Sample: cavity/geo/case0004 (t=13)
[2026-04-30 01:47:54] [INFO] [637.77s]   [Batch 65/74] Loss: 0.006930 | Sample: cavity/bc/case0005 (t=10)
[2026-04-30 01:47:56] [INFO] [640.15s]   [Batch 70/74] Loss: 0.007479 | Sample: cavity/geo/case0010 (t=73)
[2026-04-30 01:47:58] [INFO] [642.03s]   [Batch 74/74] Loss: 0.000644 | Sample: cavity/bc/case0009 (t=8)
[2026-04-30 01:47:58] [INFO] [642.05s] 
[EPOCH 16/30] TRAIN COMPLETE
[2026-04-30 01:47:58] [INFO] [642.07s]   Average Train Loss: 0.003086
[2026-04-30 01:47:58] [INFO] [642.10s]   Epoch time: 36.03s
[2026-04-30 01:47:58] [INFO] [642.12s] 
[EPOCH 16/30] EVALUATION ON TEST SET
[2026-04-30 01:48:01] [INFO] [644.97s]   Test Loss: 0.001063 *** BEST ***
[2026-04-30 01:48:01] [INFO] [644.99s]   Test Metrics:
[2026-04-30 01:48:01] [INFO] [645.02s]     MSE:  0.001063
[2026-04-30 01:48:01] [INFO] [645.04s]     RMSE: 0.032597
[2026-04-30 01:48:01] [INFO] [645.07s]     MAE:  0.019703
[2026-04-30 01:48:01] [INFO] [645.09s]     R2 (Overall): 0.998973
[2026-04-30 01:48:01] [INFO] [645.12s]     R2 (U component): 0.999034
[2026-04-30 01:48:01] [INFO] [645.15s]     R2 (V component): 0.998913
[2026-04-30 01:48:01] [INFO] [645.17s] [EPOCH 16/30] END - Time: 36.03s
[2026-04-30 01:48:01] [INFO] [645.20s] Memory: CPU Memory: 516.52MB RSS
[2026-04-30 01:48:01] [INFO] [645.22s] 
[EPOCH 17/30] START
[2026-04-30 01:48:01] [INFO] [645.24s]   Current learning rate: 5.00e-04
[2026-04-30 01:48:01] [INFO] [645.27s]   Number of batches: 74
[2026-04-30 01:48:04] [INFO] [647.72s]   [Batch 5/74] Loss: 0.000605 | Sample: cavity/prop/case0050 (t=13)
[2026-04-30 01:48:06] [INFO] [650.51s]   [Batch 10/74] Loss: 0.002615 | Sample: cavity/prop/case0050 (t=0)
[2026-04-30 01:48:12] [INFO] [655.77s]   [Batch 15/74] Loss: 0.000906 | Sample: cavity/bc/case0007 (t=16)
[2026-04-30 01:48:16] [INFO] [660.67s]   [Batch 20/74] Loss: 0.002347 | Sample: cavity/prop/case0057 (t=21)
[2026-04-30 01:48:19] [INFO] [663.23s]   [Batch 25/74] Loss: 0.021939 | Sample: cavity/geo/case0003 (t=0)
[2026-04-30 01:48:22] [INFO] [665.92s]   [Batch 30/74] Loss: 0.002263 | Sample: cavity/geo/case0006 (t=12)
[2026-04-30 01:48:24] [INFO] [668.30s]   [Batch 35/74] Loss: 0.001724 | Sample: cavity/geo/case0010 (t=172)
[2026-04-30 01:48:26] [INFO] [670.57s]   [Batch 40/74] Loss: 0.003156 | Sample: cavity/geo/case0006 (t=33)
[2026-04-30 01:48:29] [INFO] [672.89s]   [Batch 45/74] Loss: 0.000803 | Sample: cavity/bc/case0008 (t=9)
[2026-04-30 01:48:31] [INFO] [675.66s]   [Batch 50/74] Loss: 0.000797 | Sample: cavity/geo/case0009 (t=29)
[2026-04-30 01:48:34] [INFO] [678.42s]   [Batch 55/74] Loss: 0.000570 | Sample: cavity/geo/case0008 (t=27)
[2026-04-30 01:48:37] [INFO] [681.32s]   [Batch 60/74] Loss: 0.017082 | Sample: cavity/bc/case0006 (t=7)
[2026-04-30 01:48:40] [INFO] [683.87s]   [Batch 65/74] Loss: 0.000578 | Sample: cavity/prop/case0057 (t=24)
[2026-04-30 01:48:43] [INFO] [687.18s]   [Batch 70/74] Loss: 0.000761 | Sample: cavity/geo/case0009 (t=26)
[2026-04-30 01:48:45] [INFO] [689.17s]   [Batch 74/74] Loss: 0.005938 | Sample: cavity/bc/case0006 (t=3)
[2026-04-30 01:48:45] [INFO] [689.19s] 
[EPOCH 17/30] TRAIN COMPLETE
[2026-04-30 01:48:45] [INFO] [689.22s]   Average Train Loss: 0.003182
[2026-04-30 01:48:45] [INFO] [689.24s]   Epoch time: 43.97s
[2026-04-30 01:48:45] [INFO] [689.27s] 
[EPOCH 17/30] EVALUATION ON TEST SET
[2026-04-30 01:48:48] [INFO] [691.76s]   Test Loss: 0.001697
[2026-04-30 01:48:48] [INFO] [691.79s]   Test Metrics:
[2026-04-30 01:48:48] [INFO] [691.81s]     MSE:  0.001697
[2026-04-30 01:48:48] [INFO] [691.84s]     RMSE: 0.041199
[2026-04-30 01:48:48] [INFO] [691.86s]     MAE:  0.027417
[2026-04-30 01:48:48] [INFO] [691.88s]     R2 (Overall): 0.998360
[2026-04-30 01:48:48] [INFO] [691.91s]     R2 (U component): 0.998647
[2026-04-30 01:48:48] [INFO] [691.93s]     R2 (V component): 0.998076
[2026-04-30 01:48:48] [INFO] [691.95s] [EPOCH 17/30] END - Time: 43.97s
[2026-04-30 01:48:48] [INFO] [691.97s] Memory: CPU Memory: 516.52MB RSS
[2026-04-30 01:48:48] [INFO] [692.00s] 
[EPOCH 18/30] START
[2026-04-30 01:48:48] [INFO] [692.02s]   Current learning rate: 5.00e-04
[2026-04-30 01:48:48] [INFO] [692.04s]   Number of batches: 74
[2026-04-30 01:48:50] [INFO] [694.51s]   [Batch 5/74] Loss: 0.001161 | Sample: cavity/geo/case0010 (t=2)
[2026-04-30 01:48:53] [INFO] [697.44s]   [Batch 10/74] Loss: 0.001966 | Sample: cavity/bc/case0001 (t=5)
[2026-04-30 01:48:56] [INFO] [699.81s]   [Batch 15/74] Loss: 0.006109 | Sample: cavity/geo/case0010 (t=21)
[2026-04-30 01:48:58] [INFO] [702.10s]   [Batch 20/74] Loss: 0.003219 | Sample: cavity/prop/case0057 (t=17)
[2026-04-30 01:49:00] [INFO] [704.57s]   [Batch 25/74] Loss: 0.001611 | Sample: cavity/geo/case0005 (t=15)
[2026-04-30 01:49:03] [INFO] [707.31s]   [Batch 30/74] Loss: 0.000918 | Sample: cavity/geo/case0010 (t=103)
[2026-04-30 01:49:05] [INFO] [709.69s]   [Batch 35/74] Loss: 0.006489 | Sample: cavity/prop/case0057 (t=16)
[2026-04-30 01:49:08] [INFO] [711.94s]   [Batch 40/74] Loss: 0.001691 | Sample: cavity/geo/case0010 (t=3)
[2026-04-30 01:49:10] [INFO] [714.28s]   [Batch 45/74] Loss: 0.003056 | Sample: cavity/geo/case0006 (t=25)
[2026-04-30 01:49:12] [INFO] [716.70s]   [Batch 50/74] Loss: 0.001357 | Sample: cavity/bc/case0005 (t=4)
[2026-04-30 01:49:15] [INFO] [719.07s]   [Batch 55/74] Loss: 0.001711 | Sample: cavity/geo/case0001 (t=17)
[2026-04-30 01:49:17] [INFO] [721.43s]   [Batch 60/74] Loss: 0.002992 | Sample: cavity/geo/case0010 (t=47)
[2026-04-30 01:49:20] [INFO] [723.74s]   [Batch 65/74] Loss: 0.004488 | Sample: cavity/bc/case0007 (t=6)
[2026-04-30 01:49:22] [INFO] [726.07s]   [Batch 70/74] Loss: 0.001008 | Sample: cavity/geo/case0010 (t=114)
[2026-04-30 01:49:24] [INFO] [728.03s]   [Batch 74/74] Loss: 0.001074 | Sample: cavity/geo/case0009 (t=52)
[2026-04-30 01:49:24] [INFO] [728.05s] 
[EPOCH 18/30] TRAIN COMPLETE
[2026-04-30 01:49:24] [INFO] [728.08s]   Average Train Loss: 0.003452
[2026-04-30 01:49:24] [INFO] [728.11s]   Epoch time: 36.06s
[2026-04-30 01:49:24] [INFO] [728.14s] 
[EPOCH 18/30] EVALUATION ON TEST SET
[2026-04-30 01:49:27] [INFO] [730.72s]   Test Loss: 0.001186
[2026-04-30 01:49:27] [INFO] [730.75s]   Test Metrics:
[2026-04-30 01:49:27] [INFO] [730.77s]     MSE:  0.001186
[2026-04-30 01:49:27] [INFO] [730.80s]     RMSE: 0.034445
[2026-04-30 01:49:27] [INFO] [730.82s]     MAE:  0.021005
[2026-04-30 01:49:27] [INFO] [730.85s]     R2 (Overall): 0.998853
[2026-04-30 01:49:27] [INFO] [730.87s]     R2 (U component): 0.998793
[2026-04-30 01:49:27] [INFO] [730.89s]     R2 (V component): 0.998912
[2026-04-30 01:49:27] [INFO] [730.92s] [EPOCH 18/30] END - Time: 36.06s
[2026-04-30 01:49:27] [INFO] [730.94s] Memory: CPU Memory: 516.52MB RSS
[2026-04-30 01:49:27] [INFO] [730.96s] 
[EPOCH 19/30] START
[2026-04-30 01:49:27] [INFO] [730.98s]   Current learning rate: 5.00e-04
[2026-04-30 01:49:27] [INFO] [731.01s]   Number of batches: 74
[2026-04-30 01:49:29] [INFO] [733.36s]   [Batch 5/74] Loss: 0.002637 | Sample: cavity/geo/case0010 (t=142)
[2026-04-30 01:49:31] [INFO] [735.70s]   [Batch 10/74] Loss: 0.000925 | Sample: cavity/bc/case0008 (t=4)
[2026-04-30 01:49:34] [INFO] [738.07s]   [Batch 15/74] Loss: 0.000771 | Sample: cavity/geo/case0009 (t=9)
[2026-04-30 01:49:36] [INFO] [740.64s]   [Batch 20/74] Loss: 0.002749 | Sample: cavity/geo/case0010 (t=185)
[2026-04-30 01:49:41] [INFO] [745.08s]   [Batch 25/74] Loss: 0.002297 | Sample: cavity/geo/case0003 (t=14)
[2026-04-30 01:49:54] [INFO] [758.10s]   [Batch 30/74] Loss: 0.001972 | Sample: cavity/bc/case0004 (t=0)
[2026-04-30 01:49:58] [INFO] [762.10s]   [Batch 35/74] Loss: 0.003908 | Sample: cavity/bc/case0005 (t=2)
[2026-04-30 01:50:01] [INFO] [765.18s]   [Batch 40/74] Loss: 0.001361 | Sample: cavity/bc/case0008 (t=2)
[2026-04-30 01:50:05] [INFO] [769.30s]   [Batch 45/74] Loss: 0.000554 | Sample: cavity/geo/case0007 (t=34)
[2026-04-30 01:50:09] [INFO] [772.89s]   [Batch 50/74] Loss: 0.001910 | Sample: cavity/geo/case0001 (t=1)
[2026-04-30 01:50:13] [INFO] [777.24s]   [Batch 55/74] Loss: 0.012343 | Sample: cavity/geo/case0001 (t=6)
[2026-04-30 01:50:20] [INFO] [783.96s]   [Batch 60/74] Loss: 0.002191 | Sample: cavity/geo/case0007 (t=29)
[2026-04-30 01:50:23] [INFO] [787.68s]   [Batch 65/74] Loss: 0.001124 | Sample: cavity/geo/case0008 (t=38)
[2026-04-30 01:50:28] [INFO] [791.76s]   [Batch 70/74] Loss: 0.002810 | Sample: cavity/prop/case0058 (t=0)
[2026-04-30 01:50:30] [INFO] [794.24s]   [Batch 74/74] Loss: 0.001306 | Sample: cavity/geo/case0004 (t=7)
[2026-04-30 01:50:30] [INFO] [794.27s] 
[EPOCH 19/30] TRAIN COMPLETE
[2026-04-30 01:50:30] [INFO] [794.29s]   Average Train Loss: 0.003177
[2026-04-30 01:50:30] [INFO] [794.32s]   Epoch time: 63.31s
[2026-04-30 01:50:30] [INFO] [794.35s] 
[EPOCH 19/30] EVALUATION ON TEST SET
[2026-04-30 01:50:33] [INFO] [797.16s]   Test Loss: 0.001284
[2026-04-30 01:50:33] [INFO] [797.19s]   Test Metrics:
[2026-04-30 01:50:33] [INFO] [797.21s]     MSE:  0.001284
[2026-04-30 01:50:33] [INFO] [797.24s]     RMSE: 0.035839
[2026-04-30 01:50:33] [INFO] [797.26s]     MAE:  0.023746
[2026-04-30 01:50:33] [INFO] [797.29s]     R2 (Overall): 0.998759
[2026-04-30 01:50:33] [INFO] [797.32s]     R2 (U component): 0.998836
[2026-04-30 01:50:33] [INFO] [797.34s]     R2 (V component): 0.998682
[2026-04-30 01:50:33] [INFO] [797.36s] [EPOCH 19/30] END - Time: 63.31s
[2026-04-30 01:50:33] [INFO] [797.38s] Memory: CPU Memory: 516.53MB RSS
[2026-04-30 01:50:33] [INFO] [797.40s] 
[EPOCH 20/30] START
[2026-04-30 01:50:33] [INFO] [797.43s]   Current learning rate: 5.00e-04
[2026-04-30 01:50:33] [INFO] [797.45s]   Number of batches: 74
[2026-04-30 01:50:36] [INFO] [799.91s]   [Batch 5/74] Loss: 0.002057 | Sample: cavity/prop/case0057 (t=17)
[2026-04-30 01:50:38] [INFO] [802.24s]   [Batch 10/74] Loss: 0.001212 | Sample: cavity/geo/case0010 (t=123)
[2026-04-30 01:50:41] [INFO] [804.94s]   [Batch 15/74] Loss: 0.000828 | Sample: cavity/geo/case0010 (t=153)
[2026-04-30 01:50:43] [INFO] [807.56s]   [Batch 20/74] Loss: 0.001158 | Sample: cavity/geo/case0006 (t=30)
[2026-04-30 01:50:46] [INFO] [810.16s]   [Batch 25/74] Loss: 0.000758 | Sample: cavity/bc/case0009 (t=4)
[2026-04-30 01:50:48] [INFO] [812.43s]   [Batch 30/74] Loss: 0.000751 | Sample: cavity/geo/case0010 (t=85)
[2026-04-30 01:50:50] [INFO] [814.38s]   [Batch 35/74] Loss: 0.000844 | Sample: cavity/geo/case0004 (t=10)
[2026-04-30 01:50:52] [INFO] [816.28s]   [Batch 40/74] Loss: 0.000597 | Sample: cavity/geo/case0004 (t=13)
[2026-04-30 01:50:55] [INFO] [819.63s]   [Batch 45/74] Loss: 0.001828 | Sample: cavity/prop/case0050 (t=2)
[2026-04-30 01:50:58] [INFO] [822.10s]   [Batch 50/74] Loss: 0.002822 | Sample: cavity/geo/case0010 (t=38)
[2026-04-30 01:51:00] [INFO] [824.43s]   [Batch 55/74] Loss: 0.009885 | Sample: cavity/geo/case0010 (t=99)
[2026-04-30 01:51:02] [INFO] [826.54s]   [Batch 60/74] Loss: 0.001153 | Sample: cavity/geo/case0010 (t=188)
[2026-04-30 01:51:05] [INFO] [828.82s]   [Batch 65/74] Loss: 0.002306 | Sample: cavity/geo/case0009 (t=25)
[2026-04-30 01:51:08] [INFO] [831.82s]   [Batch 70/74] Loss: 0.002458 | Sample: cavity/geo/case0010 (t=197)
[2026-04-30 01:51:13] [INFO] [836.95s]   [Batch 74/74] Loss: 0.000979 | Sample: cavity/geo/case0007 (t=15)
[2026-04-30 01:51:13] [INFO] [836.98s] 
[EPOCH 20/30] TRAIN COMPLETE
[2026-04-30 01:51:13] [INFO] [837.00s]   Average Train Loss: 0.003151
[2026-04-30 01:51:13] [INFO] [837.02s]   Epoch time: 39.57s
[2026-04-30 01:51:13] [INFO] [837.05s] 
[EPOCH 20/30] EVALUATION ON TEST SET
[2026-04-30 01:51:17] [INFO] [840.73s]   Test Loss: 0.001428
[2026-04-30 01:51:17] [INFO] [840.75s]   Test Metrics:
[2026-04-30 01:51:17] [INFO] [840.77s]     MSE:  0.001428
[2026-04-30 01:51:17] [INFO] [840.79s]     RMSE: 0.037792
[2026-04-30 01:51:17] [INFO] [840.81s]     MAE:  0.025315
[2026-04-30 01:51:17] [INFO] [840.84s]     R2 (Overall): 0.998620
[2026-04-30 01:51:17] [INFO] [840.86s]     R2 (U component): 0.998469
[2026-04-30 01:51:17] [INFO] [840.88s]     R2 (V component): 0.998769
[2026-04-30 01:51:17] [INFO] [840.89s] [EPOCH 20/30] END - Time: 39.57s
[2026-04-30 01:51:17] [INFO] [840.91s] Memory: CPU Memory: 516.53MB RSS
[2026-04-30 01:51:17] [INFO] [840.93s] 
[EPOCH 21/30] START
[2026-04-30 01:51:17] [INFO] [840.94s]   Current learning rate: 5.00e-04
[2026-04-30 01:51:17] [INFO] [840.96s]   Number of batches: 74
[2026-04-30 01:51:18] [INFO] [842.59s]   [Batch 5/74] Loss: 0.002180 | Sample: cavity/bc/case0004 (t=8)
[2026-04-30 01:51:20] [INFO] [844.17s]   [Batch 10/74] Loss: 0.000976 | Sample: cavity/prop/case0059 (t=2)
[2026-04-30 01:51:22] [INFO] [846.10s]   [Batch 15/74] Loss: 0.000699 | Sample: cavity/geo/case0008 (t=12)
[2026-04-30 01:51:23] [INFO] [847.66s]   [Batch 20/74] Loss: 0.001811 | Sample: cavity/bc/case0008 (t=16)
[2026-04-30 01:51:25] [INFO] [849.30s]   [Batch 25/74] Loss: 0.002161 | Sample: cavity/geo/case0005 (t=15)
[2026-04-30 01:51:27] [INFO] [851.13s]   [Batch 30/74] Loss: 0.006781 | Sample: cavity/geo/case0003 (t=17)
[2026-04-30 01:51:28] [INFO] [852.70s]   [Batch 35/74] Loss: 0.007979 | Sample: cavity/geo/case0005 (t=7)
[2026-04-30 01:51:30] [INFO] [854.36s]   [Batch 40/74] Loss: 0.002504 | Sample: cavity/geo/case0005 (t=17)
[2026-04-30 01:51:32] [INFO] [856.06s]   [Batch 45/74] Loss: 0.000989 | Sample: cavity/bc/case0000 (t=8)
[2026-04-30 01:51:33] [INFO] [857.70s]   [Batch 50/74] Loss: 0.000980 | Sample: cavity/geo/case0010 (t=26)
[2026-04-30 01:51:35] [INFO] [859.37s]   [Batch 55/74] Loss: 0.001743 | Sample: cavity/geo/case0010 (t=188)
[2026-04-30 01:51:37] [INFO] [861.31s]   [Batch 60/74] Loss: 0.004143 | Sample: cavity/geo/case0007 (t=36)
[2026-04-30 01:51:39] [INFO] [863.10s]   [Batch 65/74] Loss: 0.000724 | Sample: cavity/geo/case0009 (t=20)
[2026-04-30 01:51:40] [INFO] [864.70s]   [Batch 70/74] Loss: 0.026699 | Sample: cavity/prop/case0050 (t=18)
[2026-04-30 01:51:42] [INFO] [866.10s]   [Batch 74/74] Loss: 0.000599 | Sample: cavity/geo/case0010 (t=106)
[2026-04-30 01:51:42] [INFO] [866.12s] 
[EPOCH 21/30] TRAIN COMPLETE
[2026-04-30 01:51:42] [INFO] [866.14s]   Average Train Loss: 0.002971
[2026-04-30 01:51:42] [INFO] [866.16s]   Epoch time: 25.19s
[2026-04-30 01:51:42] [INFO] [866.18s] 
[EPOCH 21/30] EVALUATION ON TEST SET
[2026-04-30 01:51:44] [INFO] [868.07s]   Test Loss: 0.001316
[2026-04-30 01:51:44] [INFO] [868.08s]   Test Metrics:
[2026-04-30 01:51:44] [INFO] [868.10s]     MSE:  0.001316
[2026-04-30 01:51:44] [INFO] [868.12s]     RMSE: 0.036274
[2026-04-30 01:51:44] [INFO] [868.15s]     MAE:  0.023960
[2026-04-30 01:51:44] [INFO] [868.17s]     R2 (Overall): 0.998728
[2026-04-30 01:51:44] [INFO] [868.19s]     R2 (U component): 0.998894
[2026-04-30 01:51:44] [INFO] [868.21s]     R2 (V component): 0.998565
[2026-04-30 01:51:44] [INFO] [868.23s] [EPOCH 21/30] END - Time: 25.19s
[2026-04-30 01:51:44] [INFO] [868.24s] Memory: CPU Memory: 516.54MB RSS
[2026-04-30 01:51:44] [INFO] [868.26s] 
[EPOCH 22/30] START
[2026-04-30 01:51:44] [INFO] [868.27s]   Current learning rate: 5.00e-04
[2026-04-30 01:51:44] [INFO] [868.29s]   Number of batches: 74
[2026-04-30 01:51:46] [INFO] [870.06s]   [Batch 5/74] Loss: 0.000551 | Sample: cavity/geo/case0009 (t=46)
[2026-04-30 01:51:48] [INFO] [871.76s]   [Batch 10/74] Loss: 0.003955 | Sample: cavity/geo/case0002 (t=16)
[2026-04-30 01:51:49] [INFO] [873.32s]   [Batch 15/74] Loss: 0.001050 | Sample: cavity/bc/case0007 (t=9)
[2026-04-30 01:51:51] [INFO] [874.93s]   [Batch 20/74] Loss: 0.000904 | Sample: cavity/geo/case0010 (t=164)
[2026-04-30 01:51:53] [INFO] [876.89s]   [Batch 25/74] Loss: 0.013555 | Sample: cavity/bc/case0007 (t=11)
[2026-04-30 01:51:54] [INFO] [878.51s]   [Batch 30/74] Loss: 0.001539 | Sample: cavity/geo/case0010 (t=37)
[2026-04-30 01:51:56] [INFO] [880.52s]   [Batch 35/74] Loss: 0.004670 | Sample: cavity/geo/case0010 (t=13)
[2026-04-30 01:51:58] [INFO] [882.12s]   [Batch 40/74] Loss: 0.003365 | Sample: cavity/geo/case0005 (t=28)
[2026-04-30 01:52:00] [INFO] [884.39s]   [Batch 45/74] Loss: 0.001969 | Sample: cavity/geo/case0003 (t=9)
[2026-04-30 01:52:03] [INFO] [886.98s]   [Batch 50/74] Loss: 0.000813 | Sample: cavity/geo/case0006 (t=38)
[2026-04-30 01:52:05] [INFO] [889.29s]   [Batch 55/74] Loss: 0.003245 | Sample: cavity/geo/case0004 (t=9)
[2026-04-30 01:52:07] [INFO] [891.66s]   [Batch 60/74] Loss: 0.001837 | Sample: cavity/prop/case0058 (t=5)
[2026-04-30 01:52:10] [INFO] [893.75s]   [Batch 65/74] Loss: 0.002489 | Sample: cavity/geo/case0009 (t=24)
[2026-04-30 01:52:13] [INFO] [897.39s]   [Batch 70/74] Loss: 0.002232 | Sample: cavity/geo/case0002 (t=4)
[2026-04-30 01:52:17] [INFO] [901.69s]   [Batch 74/74] Loss: 0.002612 | Sample: cavity/prop/case0057 (t=16)
[2026-04-30 01:52:17] [INFO] [901.71s] 
[EPOCH 22/30] TRAIN COMPLETE
[2026-04-30 01:52:18] [INFO] [901.73s]   Average Train Loss: 0.003161
[2026-04-30 01:52:18] [INFO] [901.76s]   Epoch time: 33.45s
[2026-04-30 01:52:18] [INFO] [901.78s] 
[EPOCH 22/30] EVALUATION ON TEST SET
[2026-04-30 01:52:20] [INFO] [904.09s]   Test Loss: 0.001748
[2026-04-30 01:52:20] [INFO] [904.11s]   Test Metrics:
[2026-04-30 01:52:20] [INFO] [904.13s]     MSE:  0.001748
[2026-04-30 01:52:20] [INFO] [904.15s]     RMSE: 0.041814
[2026-04-30 01:52:20] [INFO] [904.18s]     MAE:  0.028738
[2026-04-30 01:52:20] [INFO] [904.21s]     R2 (Overall): 0.998310
[2026-04-30 01:52:20] [INFO] [904.23s]     R2 (U component): 0.998472
[2026-04-30 01:52:20] [INFO] [904.25s]     R2 (V component): 0.998151
[2026-04-30 01:52:20] [INFO] [904.27s] [EPOCH 22/30] END - Time: 33.45s
[2026-04-30 01:52:20] [INFO] [904.29s] Memory: CPU Memory: 516.54MB RSS
[2026-04-30 01:52:20] [INFO] [904.31s] 
[EPOCH 23/30] START
[2026-04-30 01:52:20] [INFO] [904.33s]   Current learning rate: 5.00e-04
[2026-04-30 01:52:20] [INFO] [904.34s]   Number of batches: 74
[2026-04-30 01:52:22] [INFO] [906.11s]   [Batch 5/74] Loss: 0.001814 | Sample: cavity/geo/case0010 (t=157)
[2026-04-30 01:52:24] [INFO] [908.10s]   [Batch 10/74] Loss: 0.000996 | Sample: cavity/geo/case0007 (t=9)
[2026-04-30 01:52:26] [INFO] [910.01s]   [Batch 15/74] Loss: 0.001738 | Sample: cavity/geo/case0008 (t=7)
[2026-04-30 01:52:28] [INFO] [911.83s]   [Batch 20/74] Loss: 0.001386 | Sample: cavity/prop/case0050 (t=12)
[2026-04-30 01:52:30] [INFO] [913.84s]   [Batch 25/74] Loss: 0.004839 | Sample: cavity/geo/case0006 (t=9)
[2026-04-30 01:52:31] [INFO] [915.55s]   [Batch 30/74] Loss: 0.005335 | Sample: cavity/prop/case0057 (t=26)
[2026-04-30 01:52:33] [INFO] [917.54s]   [Batch 35/74] Loss: 0.001317 | Sample: cavity/geo/case0010 (t=34)
[2026-04-30 01:52:36] [INFO] [919.72s]   [Batch 40/74] Loss: 0.000816 | Sample: cavity/geo/case0010 (t=39)
[2026-04-30 01:52:37] [INFO] [921.56s]   [Batch 45/74] Loss: 0.007736 | Sample: cavity/geo/case0010 (t=37)
[2026-04-30 01:52:39] [INFO] [923.18s]   [Batch 50/74] Loss: 0.001769 | Sample: cavity/prop/case0053 (t=3)
[2026-04-30 01:52:41] [INFO] [924.74s]   [Batch 55/74] Loss: 0.001000 | Sample: cavity/bc/case0009 (t=8)
[2026-04-30 01:52:42] [INFO] [926.55s]   [Batch 60/74] Loss: 0.001356 | Sample: cavity/geo/case0003 (t=0)
[2026-04-30 01:52:44] [INFO] [928.56s]   [Batch 65/74] Loss: 0.002005 | Sample: cavity/geo/case0001 (t=13)
[2026-04-30 01:52:46] [INFO] [930.61s]   [Batch 70/74] Loss: 0.004533 | Sample: cavity/prop/case0058 (t=0)
[2026-04-30 01:52:48] [INFO] [931.99s]   [Batch 74/74] Loss: 0.005279 | Sample: cavity/geo/case0001 (t=6)
[2026-04-30 01:52:48] [INFO] [932.02s] 
[EPOCH 23/30] TRAIN COMPLETE
[2026-04-30 01:52:48] [INFO] [932.04s]   Average Train Loss: 0.003984
[2026-04-30 01:52:48] [INFO] [932.07s]   Epoch time: 27.71s
[2026-04-30 01:52:48] [INFO] [932.09s] 
[EPOCH 23/30] EVALUATION ON TEST SET
[2026-04-30 01:52:50] [INFO] [934.08s]   Test Loss: 0.002091
[2026-04-30 01:52:50] [INFO] [934.10s]   Test Metrics:
[2026-04-30 01:52:50] [INFO] [934.12s]     MSE:  0.002091
[2026-04-30 01:52:50] [INFO] [934.14s]     RMSE: 0.045723
[2026-04-30 01:52:50] [INFO] [934.16s]     MAE:  0.032151
[2026-04-30 01:52:50] [INFO] [934.18s]     R2 (Overall): 0.997980
[2026-04-30 01:52:50] [INFO] [934.21s]     R2 (U component): 0.997984
[2026-04-30 01:52:50] [INFO] [934.22s]     R2 (V component): 0.997975
[2026-04-30 01:52:50] [INFO] [934.24s] [EPOCH 23/30] END - Time: 27.71s
[2026-04-30 01:52:50] [INFO] [934.25s] Memory: CPU Memory: 516.54MB RSS
[2026-04-30 01:52:50] [INFO] [934.27s] 
[EPOCH 24/30] START
[2026-04-30 01:52:50] [INFO] [934.29s]   Current learning rate: 5.00e-04
[2026-04-30 01:52:50] [INFO] [934.30s]   Number of batches: 74
[2026-04-30 01:52:52] [INFO] [936.00s]   [Batch 5/74] Loss: 0.002428 | Sample: cavity/geo/case0010 (t=107)
[2026-04-30 01:52:54] [INFO] [938.06s]   [Batch 10/74] Loss: 0.001812 | Sample: cavity/bc/case0004 (t=2)
[2026-04-30 01:52:56] [INFO] [939.92s]   [Batch 15/74] Loss: 0.001359 | Sample: cavity/geo/case0006 (t=33)
[2026-04-30 01:52:58] [INFO] [941.94s]   [Batch 20/74] Loss: 0.006498 | Sample: cavity/bc/case0005 (t=7)
[2026-04-30 01:52:59] [INFO] [943.67s]   [Batch 25/74] Loss: 0.004404 | Sample: cavity/geo/case0010 (t=195)
[2026-04-30 01:53:01] [INFO] [945.46s]   [Batch 30/74] Loss: 0.002447 | Sample: cavity/geo/case0008 (t=3)
[2026-04-30 01:53:03] [INFO] [947.51s]   [Batch 35/74] Loss: 0.004480 | Sample: cavity/prop/case0055 (t=0)
[2026-04-30 01:53:05] [INFO] [949.35s]   [Batch 40/74] Loss: 0.002667 | Sample: cavity/bc/case0006 (t=8)
[2026-04-30 01:53:07] [INFO] [951.38s]   [Batch 45/74] Loss: 0.001518 | Sample: cavity/prop/case0057 (t=29)
[2026-04-30 01:53:09] [INFO] [953.18s]   [Batch 50/74] Loss: 0.001792 | Sample: cavity/bc/case0002 (t=10)
[2026-04-30 01:53:11] [INFO] [955.04s]   [Batch 55/74] Loss: 0.010767 | Sample: cavity/geo/case0001 (t=19)
[2026-04-30 01:53:13] [INFO] [957.36s]   [Batch 60/74] Loss: 0.002058 | Sample: cavity/geo/case0006 (t=9)
[2026-04-30 01:53:16] [INFO] [959.82s]   [Batch 65/74] Loss: 0.001762 | Sample: cavity/geo/case0008 (t=4)
[2026-04-30 01:53:18] [INFO] [962.02s]   [Batch 70/74] Loss: 0.001975 | Sample: cavity/geo/case0010 (t=60)
[2026-04-30 01:53:19] [INFO] [963.71s]   [Batch 74/74] Loss: 0.007345 | Sample: cavity/geo/case0010 (t=58)
[2026-04-30 01:53:20] [INFO] [963.74s] 
[EPOCH 24/30] TRAIN COMPLETE
[2026-04-30 01:53:20] [INFO] [963.76s]   Average Train Loss: 0.003609
[2026-04-30 01:53:20] [INFO] [963.78s]   Epoch time: 29.46s
[2026-04-30 01:53:20] [INFO] [963.80s] 
[EPOCH 24/30] EVALUATION ON TEST SET
[2026-04-30 01:53:22] [INFO] [966.40s]   Test Loss: 0.001162
[2026-04-30 01:53:22] [INFO] [966.43s]   Test Metrics:
[2026-04-30 01:53:22] [INFO] [966.45s]     MSE:  0.001162
[2026-04-30 01:53:22] [INFO] [966.47s]     RMSE: 0.034094
[2026-04-30 01:53:22] [INFO] [966.50s]     MAE:  0.021721
[2026-04-30 01:53:22] [INFO] [966.52s]     R2 (Overall): 0.998877
[2026-04-30 01:53:22] [INFO] [966.55s]     R2 (U component): 0.998884
[2026-04-30 01:53:22] [INFO] [966.57s]     R2 (V component): 0.998869
[2026-04-30 01:53:22] [INFO] [966.58s] [EPOCH 24/30] END - Time: 29.46s
[2026-04-30 01:53:22] [INFO] [966.61s] Memory: CPU Memory: 516.54MB RSS
[2026-04-30 01:53:22] [INFO] [966.63s] 
[EPOCH 25/30] START
[2026-04-30 01:53:22] [INFO] [966.65s]   Current learning rate: 5.00e-04
[2026-04-30 01:53:22] [INFO] [966.67s]   Number of batches: 74
[2026-04-30 01:53:24] [INFO] [968.47s]   [Batch 5/74] Loss: 0.000945 | Sample: cavity/geo/case0010 (t=133)
[2026-04-30 01:53:26] [INFO] [970.35s]   [Batch 10/74] Loss: 0.001971 | Sample: cavity/geo/case0010 (t=90)
[2026-04-30 01:53:28] [INFO] [972.39s]   [Batch 15/74] Loss: 0.004038 | Sample: cavity/bc/case0002 (t=4)
[2026-04-30 01:53:30] [INFO] [974.11s]   [Batch 20/74] Loss: 0.000939 | Sample: cavity/geo/case0001 (t=16)
[2026-04-30 01:53:32] [INFO] [975.93s]   [Batch 25/74] Loss: 0.001155 | Sample: cavity/geo/case0004 (t=12)
[2026-04-30 01:53:34] [INFO] [977.89s]   [Batch 30/74] Loss: 0.004788 | Sample: cavity/geo/case0006 (t=2)
[2026-04-30 01:53:35] [INFO] [979.48s]   [Batch 35/74] Loss: 0.000616 | Sample: cavity/geo/case0010 (t=87)
[2026-04-30 01:53:37] [INFO] [981.03s]   [Batch 40/74] Loss: 0.000551 | Sample: cavity/bc/case0004 (t=12)
[2026-04-30 01:53:39] [INFO] [982.86s]   [Batch 45/74] Loss: 0.005178 | Sample: cavity/bc/case0009 (t=2)
[2026-04-30 01:53:40] [INFO] [984.56s]   [Batch 50/74] Loss: 0.001401 | Sample: cavity/bc/case0008 (t=15)
[2026-04-30 01:53:42] [INFO] [986.59s]   [Batch 55/74] Loss: 0.001137 | Sample: cavity/geo/case0010 (t=50)
[2026-04-30 01:53:44] [INFO] [988.46s]   [Batch 60/74] Loss: 0.001485 | Sample: cavity/geo/case0010 (t=94)
[2026-04-30 01:53:46] [INFO] [990.71s]   [Batch 65/74] Loss: 0.002145 | Sample: cavity/bc/case0003 (t=4)
[2026-04-30 01:53:48] [INFO] [992.58s]   [Batch 70/74] Loss: 0.001283 | Sample: cavity/geo/case0004 (t=16)
[2026-04-30 01:53:50] [INFO] [994.00s]   [Batch 74/74] Loss: 0.001672 | Sample: cavity/geo/case0010 (t=163)
[2026-04-30 01:53:50] [INFO] [994.01s] 
[EPOCH 25/30] TRAIN COMPLETE
[2026-04-30 01:53:50] [INFO] [994.03s]   Average Train Loss: 0.002982
[2026-04-30 01:53:50] [INFO] [994.05s]   Epoch time: 27.38s
[2026-04-30 01:53:50] [INFO] [994.07s] 
[EPOCH 25/30] EVALUATION ON TEST SET
[2026-04-30 01:53:52] [INFO] [995.87s]   Test Loss: 0.001167
[2026-04-30 01:53:52] [INFO] [995.90s]   Test Metrics:
[2026-04-30 01:53:52] [INFO] [995.92s]     MSE:  0.001167
[2026-04-30 01:53:52] [INFO] [995.94s]     RMSE: 0.034162
[2026-04-30 01:53:52] [INFO] [995.96s]     MAE:  0.022115
[2026-04-30 01:53:52] [INFO] [995.98s]     R2 (Overall): 0.998872
[2026-04-30 01:53:52] [INFO] [996.01s]     R2 (U component): 0.998919
[2026-04-30 01:53:52] [INFO] [996.02s]     R2 (V component): 0.998826
[2026-04-30 01:53:52] [INFO] [996.04s] [EPOCH 25/30] END - Time: 27.38s
[2026-04-30 01:53:52] [INFO] [996.05s] Memory: CPU Memory: 516.54MB RSS
[2026-04-30 01:53:52] [INFO] [996.07s] 
[EPOCH 26/30] START
[2026-04-30 01:53:52] [INFO] [996.09s]   Current learning rate: 5.00e-04
[2026-04-30 01:53:52] [INFO] [996.11s]   Number of batches: 74
[2026-04-30 01:53:54] [INFO] [998.05s]   [Batch 5/74] Loss: 0.002084 | Sample: cavity/bc/case0007 (t=0)
[2026-04-30 01:53:56] [INFO] [999.88s]   [Batch 10/74] Loss: 0.002804 | Sample: cavity/geo/case0010 (t=184)
[2026-04-30 01:53:58] [INFO] [1001.80s]   [Batch 15/74] Loss: 0.001627 | Sample: cavity/bc/case0002 (t=5)
[2026-04-30 01:53:59] [INFO] [1003.69s]   [Batch 20/74] Loss: 0.000677 | Sample: cavity/bc/case0003 (t=2)
[2026-04-30 01:54:01] [INFO] [1005.53s]   [Batch 25/74] Loss: 0.000603 | Sample: cavity/geo/case0003 (t=5)
[2026-04-30 01:54:03] [INFO] [1007.41s]   [Batch 30/74] Loss: 0.002208 | Sample: cavity/geo/case0010 (t=25)
[2026-04-30 01:54:05] [INFO] [1009.21s]   [Batch 35/74] Loss: 0.001279 | Sample: cavity/geo/case0007 (t=16)
[2026-04-30 01:54:07] [INFO] [1010.89s]   [Batch 40/74] Loss: 0.003112 | Sample: cavity/geo/case0010 (t=140)
[2026-04-30 01:54:08] [INFO] [1012.43s]   [Batch 45/74] Loss: 0.001001 | Sample: cavity/geo/case0006 (t=40)
[2026-04-30 01:54:10] [INFO] [1014.05s]   [Batch 50/74] Loss: 0.009558 | Sample: cavity/prop/case0056 (t=0)
[2026-04-30 01:54:12] [INFO] [1015.82s]   [Batch 55/74] Loss: 0.006518 | Sample: cavity/geo/case0005 (t=4)
[2026-04-30 01:54:14] [INFO] [1017.85s]   [Batch 60/74] Loss: 0.000780 | Sample: cavity/geo/case0004 (t=19)
[2026-04-30 01:54:16] [INFO] [1019.72s]   [Batch 65/74] Loss: 0.001321 | Sample: cavity/geo/case0010 (t=198)
[2026-04-30 01:54:17] [INFO] [1021.31s]   [Batch 70/74] Loss: 0.005407 | Sample: cavity/geo/case0010 (t=181)
[2026-04-30 01:54:18] [INFO] [1022.54s]   [Batch 74/74] Loss: 0.001507 | Sample: cavity/prop/case0051 (t=3)
[2026-04-30 01:54:18] [INFO] [1022.56s] 
[EPOCH 26/30] TRAIN COMPLETE
[2026-04-30 01:54:18] [INFO] [1022.58s]   Average Train Loss: 0.003178
[2026-04-30 01:54:18] [INFO] [1022.59s]   Epoch time: 26.49s
[2026-04-30 01:54:18] [INFO] [1022.61s] 
[EPOCH 26/30] EVALUATION ON TEST SET
[2026-04-30 01:54:20] [INFO] [1024.53s]   Test Loss: 0.002221
[2026-04-30 01:54:20] [INFO] [1024.56s]   Test Metrics:
[2026-04-30 01:54:20] [INFO] [1024.58s]     MSE:  0.002221
[2026-04-30 01:54:20] [INFO] [1024.60s]     RMSE: 0.047126
[2026-04-30 01:54:20] [INFO] [1024.62s]     MAE:  0.033565
[2026-04-30 01:54:20] [INFO] [1024.65s]     R2 (Overall): 0.997854
[2026-04-30 01:54:20] [INFO] [1024.67s]     R2 (U component): 0.998309
[2026-04-30 01:54:20] [INFO] [1024.69s]     R2 (V component): 0.997405
[2026-04-30 01:54:20] [INFO] [1024.71s] [EPOCH 26/30] END - Time: 26.49s
[2026-04-30 01:54:21] [INFO] [1024.73s] Memory: CPU Memory: 516.51MB RSS
[2026-04-30 01:54:21] [INFO] [1024.75s] 
[EPOCH 27/30] START
[2026-04-30 01:54:21] [INFO] [1024.77s]   Current learning rate: 5.00e-04
[2026-04-30 01:54:21] [INFO] [1024.79s]   Number of batches: 74
[2026-04-30 01:54:22] [INFO] [1026.67s]   [Batch 5/74] Loss: 0.020135 | Sample: cavity/geo/case0010 (t=57)
[2026-04-30 01:54:25] [INFO] [1028.79s]   [Batch 10/74] Loss: 0.001075 | Sample: cavity/geo/case0006 (t=15)
[2026-04-30 01:54:26] [INFO] [1030.66s]   [Batch 15/74] Loss: 0.000567 | Sample: cavity/geo/case0010 (t=183)
[2026-04-30 01:54:28] [INFO] [1032.65s]   [Batch 20/74] Loss: 0.001286 | Sample: cavity/geo/case0008 (t=39)
[2026-04-30 01:54:30] [INFO] [1034.50s]   [Batch 25/74] Loss: 0.001153 | Sample: cavity/bc/case0007 (t=6)
[2026-04-30 01:54:32] [INFO] [1036.38s]   [Batch 30/74] Loss: 0.001197 | Sample: cavity/geo/case0010 (t=133)
[2026-04-30 01:54:34] [INFO] [1038.41s]   [Batch 35/74] Loss: 0.006798 | Sample: cavity/geo/case0010 (t=118)
[2026-04-30 01:54:36] [INFO] [1040.28s]   [Batch 40/74] Loss: 0.001704 | Sample: cavity/bc/case0009 (t=3)
[2026-04-30 01:54:38] [INFO] [1042.31s]   [Batch 45/74] Loss: 0.002070 | Sample: cavity/bc/case0008 (t=8)
[2026-04-30 01:54:40] [INFO] [1044.10s]   [Batch 50/74] Loss: 0.001558 | Sample: cavity/bc/case0004 (t=0)
[2026-04-30 01:54:42] [INFO] [1045.86s]   [Batch 55/74] Loss: 0.000943 | Sample: cavity/geo/case0010 (t=161)
[2026-04-30 01:54:44] [INFO] [1048.26s]   [Batch 60/74] Loss: 0.001103 | Sample: cavity/bc/case0009 (t=15)
[2026-04-30 01:54:47] [INFO] [1050.90s]   [Batch 65/74] Loss: 0.001186 | Sample: cavity/prop/case0059 (t=4)
[2026-04-30 01:54:49] [INFO] [1053.46s]   [Batch 70/74] Loss: 0.000648 | Sample: cavity/geo/case0008 (t=32)
[2026-04-30 01:54:51] [INFO] [1055.63s]   [Batch 74/74] Loss: 0.000842 | Sample: cavity/bc/case0006 (t=14)
[2026-04-30 01:54:51] [INFO] [1055.65s] 
[EPOCH 27/30] TRAIN COMPLETE
[2026-04-30 01:54:51] [INFO] [1055.67s]   Average Train Loss: 0.003021
[2026-04-30 01:54:51] [INFO] [1055.69s]   Epoch time: 30.90s
[2026-04-30 01:54:52] [INFO] [1055.72s] 
[EPOCH 27/30] EVALUATION ON TEST SET
[2026-04-30 01:54:54] [INFO] [1058.32s]   Test Loss: 0.001206
[2026-04-30 01:54:54] [INFO] [1058.34s]   Test Metrics:
[2026-04-30 01:54:54] [INFO] [1058.36s]     MSE:  0.001206
[2026-04-30 01:54:54] [INFO] [1058.38s]     RMSE: 0.034728
[2026-04-30 01:54:54] [INFO] [1058.40s]     MAE:  0.022765
[2026-04-30 01:54:54] [INFO] [1058.42s]     R2 (Overall): 0.998834
[2026-04-30 01:54:54] [INFO] [1058.44s]     R2 (U component): 0.998972
[2026-04-30 01:54:54] [INFO] [1058.46s]     R2 (V component): 0.998698
[2026-04-30 01:54:54] [INFO] [1058.48s] [EPOCH 27/30] END - Time: 30.90s
[2026-04-30 01:54:54] [INFO] [1058.49s] Memory: CPU Memory: 516.54MB RSS
[2026-04-30 01:54:54] [INFO] [1058.51s] 
[EPOCH 28/30] START
[2026-04-30 01:54:54] [INFO] [1058.52s]   Current learning rate: 5.00e-04
[2026-04-30 01:54:54] [INFO] [1058.54s]   Number of batches: 74
[2026-04-30 01:54:56] [INFO] [1060.43s]   [Batch 5/74] Loss: 0.004290 | Sample: cavity/bc/case0005 (t=0)
[2026-04-30 01:54:58] [INFO] [1062.41s]   [Batch 10/74] Loss: 0.000919 | Sample: cavity/bc/case0008 (t=15)
[2026-04-30 01:55:00] [INFO] [1064.15s]   [Batch 15/74] Loss: 0.003042 | Sample: cavity/geo/case0008 (t=33)
[2026-04-30 01:55:02] [INFO] [1065.94s]   [Batch 20/74] Loss: 0.001265 | Sample: cavity/geo/case0008 (t=37)
[2026-04-30 01:55:04] [INFO] [1067.91s]   [Batch 25/74] Loss: 0.000639 | Sample: cavity/bc/case0009 (t=19)
[2026-04-30 01:55:05] [INFO] [1069.68s]   [Batch 30/74] Loss: 0.000657 | Sample: cavity/geo/case0003 (t=6)
[2026-04-30 01:55:07] [INFO] [1071.66s]   [Batch 35/74] Loss: 0.002968 | Sample: cavity/geo/case0010 (t=33)
[2026-04-30 01:55:09] [INFO] [1073.34s]   [Batch 40/74] Loss: 0.001582 | Sample: cavity/geo/case0010 (t=43)
[2026-04-30 01:55:11] [INFO] [1075.08s]   [Batch 45/74] Loss: 0.003811 | Sample: cavity/prop/case0050 (t=13)
[2026-04-30 01:55:13] [INFO] [1077.12s]   [Batch 50/74] Loss: 0.007508 | Sample: cavity/geo/case0007 (t=40)
[2026-04-30 01:55:15] [INFO] [1078.85s]   [Batch 55/74] Loss: 0.002932 | Sample: cavity/geo/case0010 (t=141)
[2026-04-30 01:55:17] [INFO] [1080.71s]   [Batch 60/74] Loss: 0.002985 | Sample: cavity/geo/case0002 (t=4)
[2026-04-30 01:55:18] [INFO] [1082.54s]   [Batch 65/74] Loss: 0.002442 | Sample: cavity/prop/case0056 (t=2)
[2026-04-30 01:55:20] [INFO] [1084.54s]   [Batch 70/74] Loss: 0.001950 | Sample: cavity/geo/case0006 (t=35)
[2026-04-30 01:55:22] [INFO] [1085.89s]   [Batch 74/74] Loss: 0.001884 | Sample: cavity/geo/case0002 (t=14)
[2026-04-30 01:55:22] [INFO] [1085.92s] 
[EPOCH 28/30] TRAIN COMPLETE
[2026-04-30 01:55:22] [INFO] [1085.94s]   Average Train Loss: 0.003594
[2026-04-30 01:55:22] [INFO] [1085.96s]   Epoch time: 27.41s
[2026-04-30 01:55:22] [INFO] [1085.97s] 
[EPOCH 28/30] EVALUATION ON TEST SET
[2026-04-30 01:55:24] [INFO] [1087.95s]   Test Loss: 0.002146
[2026-04-30 01:55:24] [INFO] [1087.97s]   Test Metrics:
[2026-04-30 01:55:24] [INFO] [1087.98s]     MSE:  0.002146
[2026-04-30 01:55:24] [INFO] [1088.00s]     RMSE: 0.046322
[2026-04-30 01:55:24] [INFO] [1088.02s]     MAE:  0.031691
[2026-04-30 01:55:24] [INFO] [1088.04s]     R2 (Overall): 0.997926
[2026-04-30 01:55:24] [INFO] [1088.05s]     R2 (U component): 0.998573
[2026-04-30 01:55:24] [INFO] [1088.08s]     R2 (V component): 0.997288
[2026-04-30 01:55:24] [INFO] [1088.09s] [EPOCH 28/30] END - Time: 27.41s
[2026-04-30 01:55:24] [INFO] [1088.11s] Memory: CPU Memory: 516.54MB RSS
[2026-04-30 01:55:24] [INFO] [1088.12s] 
[EPOCH 29/30] START
[2026-04-30 01:55:24] [INFO] [1088.14s]   Current learning rate: 5.00e-04
[2026-04-30 01:55:24] [INFO] [1088.15s]   Number of batches: 74
[2026-04-30 01:55:26] [INFO] [1089.84s]   [Batch 5/74] Loss: 0.003004 | Sample: cavity/geo/case0008 (t=27)
[2026-04-30 01:55:27] [INFO] [1091.70s]   [Batch 10/74] Loss: 0.001684 | Sample: cavity/geo/case0007 (t=27)
[2026-04-30 01:55:29] [INFO] [1093.36s]   [Batch 15/74] Loss: 0.001749 | Sample: cavity/bc/case0004 (t=5)
[2026-04-30 01:55:31] [INFO] [1095.25s]   [Batch 20/74] Loss: 0.000503 | Sample: cavity/geo/case0010 (t=156)
[2026-04-30 01:55:33] [INFO] [1097.09s]   [Batch 25/74] Loss: 0.020004 | Sample: cavity/geo/case0010 (t=18)
[2026-04-30 01:55:35] [INFO] [1098.82s]   [Batch 30/74] Loss: 0.001254 | Sample: cavity/geo/case0010 (t=145)
[2026-04-30 01:55:37] [INFO] [1100.87s]   [Batch 35/74] Loss: 0.007914 | Sample: cavity/geo/case0003 (t=18)
[2026-04-30 01:55:39] [INFO] [1102.74s]   [Batch 40/74] Loss: 0.004281 | Sample: cavity/geo/case0005 (t=11)
[2026-04-30 01:55:40] [INFO] [1104.40s]   [Batch 45/74] Loss: 0.001414 | Sample: cavity/geo/case0010 (t=105)
[2026-04-30 01:55:42] [INFO] [1106.17s]   [Batch 50/74] Loss: 0.002540 | Sample: cavity/bc/case0005 (t=3)
[2026-04-30 01:55:44] [INFO] [1108.14s]   [Batch 55/74] Loss: 0.004134 | Sample: cavity/geo/case0010 (t=23)
[2026-04-30 01:55:46] [INFO] [1110.00s]   [Batch 60/74] Loss: 0.001330 | Sample: cavity/geo/case0010 (t=52)
[2026-04-30 01:55:48] [INFO] [1111.76s]   [Batch 65/74] Loss: 0.001283 | Sample: cavity/geo/case0010 (t=178)
[2026-04-30 01:55:49] [INFO] [1113.51s]   [Batch 70/74] Loss: 0.021377 | Sample: cavity/bc/case0009 (t=15)
[2026-04-30 01:55:50] [INFO] [1114.71s]   [Batch 74/74] Loss: 0.001556 | Sample: cavity/geo/case0010 (t=111)
[2026-04-30 01:55:51] [INFO] [1114.73s] 
[EPOCH 29/30] TRAIN COMPLETE
[2026-04-30 01:55:51] [INFO] [1114.75s]   Average Train Loss: 0.003132
[2026-04-30 01:55:51] [INFO] [1114.77s]   Epoch time: 26.61s
[2026-04-30 01:55:51] [INFO] [1114.79s] 
[EPOCH 29/30] EVALUATION ON TEST SET
[2026-04-30 01:55:52] [INFO] [1116.56s]   Test Loss: 0.001449
[2026-04-30 01:55:52] [INFO] [1116.58s]   Test Metrics:
[2026-04-30 01:55:52] [INFO] [1116.60s]     MSE:  0.001449
[2026-04-30 01:55:52] [INFO] [1116.61s]     RMSE: 0.038064
[2026-04-30 01:55:52] [INFO] [1116.63s]     MAE:  0.026084
[2026-04-30 01:55:52] [INFO] [1116.65s]     R2 (Overall): 0.998600
[2026-04-30 01:55:52] [INFO] [1116.67s]     R2 (U component): 0.998429
[2026-04-30 01:55:52] [INFO] [1116.68s]     R2 (V component): 0.998768
[2026-04-30 01:55:52] [INFO] [1116.70s] [EPOCH 29/30] END - Time: 26.61s
[2026-04-30 01:55:53] [INFO] [1116.72s] Memory: CPU Memory: 516.54MB RSS
[2026-04-30 01:55:53] [INFO] [1116.73s] 
[EPOCH 30/30] START
[2026-04-30 01:55:53] [INFO] [1116.75s]   Current learning rate: 5.00e-04
[2026-04-30 01:55:53] [INFO] [1116.76s]   Number of batches: 74
[2026-04-30 01:55:54] [INFO] [1118.28s]   [Batch 5/74] Loss: 0.000942 | Sample: cavity/geo/case0010 (t=63)
[2026-04-30 01:55:56] [INFO] [1119.94s]   [Batch 10/74] Loss: 0.000964 | Sample: cavity/geo/case0009 (t=52)
[2026-04-30 01:55:58] [INFO] [1122.18s]   [Batch 15/74] Loss: 0.007740 | Sample: cavity/geo/case0010 (t=71)
[2026-04-30 01:56:00] [INFO] [1124.48s]   [Batch 20/74] Loss: 0.002109 | Sample: cavity/bc/case0007 (t=9)
[2026-04-30 01:56:02] [INFO] [1126.24s]   [Batch 25/74] Loss: 0.006139 | Sample: cavity/geo/case0010 (t=181)
[2026-04-30 01:56:04] [INFO] [1127.82s]   [Batch 30/74] Loss: 0.001533 | Sample: cavity/bc/case0009 (t=17)
[2026-04-30 01:56:05] [INFO] [1129.41s]   [Batch 35/74] Loss: 0.020626 | Sample: cavity/geo/case0010 (t=20)
[2026-04-30 01:56:07] [INFO] [1131.25s]   [Batch 40/74] Loss: 0.001128 | Sample: cavity/geo/case0010 (t=5)
[2026-04-30 01:56:09] [INFO] [1133.38s]   [Batch 45/74] Loss: 0.001517 | Sample: cavity/geo/case0004 (t=18)
[2026-04-30 01:56:11] [INFO] [1135.06s]   [Batch 50/74] Loss: 0.001204 | Sample: cavity/bc/case0002 (t=9)
[2026-04-30 01:56:13] [INFO] [1136.76s]   [Batch 55/74] Loss: 0.001218 | Sample: cavity/prop/case0055 (t=3)
[2026-04-30 01:56:14] [INFO] [1138.48s]   [Batch 60/74] Loss: 0.001944 | Sample: cavity/geo/case0008 (t=4)
[2026-04-30 01:56:16] [INFO] [1140.04s]   [Batch 65/74] Loss: 0.007784 | Sample: cavity/bc/case0002 (t=4)
[2026-04-30 01:56:17] [INFO] [1141.60s]   [Batch 70/74] Loss: 0.004179 | Sample: cavity/geo/case0010 (t=175)
[2026-04-30 01:56:19] [INFO] [1143.00s]   [Batch 74/74] Loss: 0.000649 | Sample: cavity/geo/case0005 (t=22)
[2026-04-30 01:56:19] [INFO] [1143.01s] 
[EPOCH 30/30] TRAIN COMPLETE
[2026-04-30 01:56:19] [INFO] [1143.04s]   Average Train Loss: 0.003043
[2026-04-30 01:56:19] [INFO] [1143.06s]   Epoch time: 26.28s
[2026-04-30 01:56:19] [INFO] [1143.08s] 
[EPOCH 30/30] EVALUATION ON TEST SET
[2026-04-30 01:56:21] [INFO] [1145.09s]   Test Loss: 0.001291
[2026-04-30 01:56:21] [INFO] [1145.11s]   Test Metrics:
[2026-04-30 01:56:21] [INFO] [1145.13s]     MSE:  0.001291
[2026-04-30 01:56:21] [INFO] [1145.15s]     RMSE: 0.035925
[2026-04-30 01:56:21] [INFO] [1145.17s]     MAE:  0.023887
[2026-04-30 01:56:21] [INFO] [1145.19s]     R2 (Overall): 0.998753
[2026-04-30 01:56:21] [INFO] [1145.21s]     R2 (U component): 0.998832
[2026-04-30 01:56:21] [INFO] [1145.24s]     R2 (V component): 0.998675
[2026-04-30 01:56:21] [INFO] [1145.26s] [EPOCH 30/30] END - Time: 26.28s
[2026-04-30 01:56:21] [INFO] [1145.28s] Memory: CPU Memory: 516.54MB RSS
[2026-04-30 01:56:21] [PHASE] [1145.30s] === COMPLETED: Training (took 1132.21s) ===
[2026-04-30 01:56:21] [PHASE] [1145.31s]     Details: Total time: 1132.06s (18.87 min)
[2026-04-30 01:56:21] [PHASE] [1145.33s] === STARTING: Model Saving ===
[2026-04-30 01:56:21] [INFO] [1145.35s] Saving model to: fno2_full_model.pth
[2026-04-30 01:56:21] [INFO] [1145.43s] Model saved successfully: C:\traework\a\wilmer-deeplearn\fno2_full_model.pth
[2026-04-30 01:56:21] [INFO] [1145.47s] File size: 27.16 MB
[2026-04-30 01:56:21] [PHASE] [1145.49s] === COMPLETED: Model Saving (took 0.15s) ===
[2026-04-30 01:56:21] [INFO] [1145.51s] 
================================================================================
[2026-04-30 01:56:21] [INFO] [1145.53s] TRAINING COMPLETE - FINAL SUMMARY
[2026-04-30 01:56:21] [INFO] [1145.55s] ================================================================================
[2026-04-30 01:56:21] [INFO] [1145.56s] Total training time: 1132.06 seconds (18.87 minutes)
[2026-04-30 01:56:21] [INFO] [1145.58s] Average time per epoch: 37.74 seconds
[2026-04-30 01:56:21] [INFO] [1145.59s] 
[2026-04-30 01:56:21] [INFO] [1145.61s] Final Train Loss: 0.003043
[2026-04-30 01:56:21] [INFO] [1145.62s] Final Test Loss:  0.001291
[2026-04-30 01:56:21] [INFO] [1145.64s] Best Test Loss:   0.001063 (Epoch 16)
[2026-04-30 01:56:21] [INFO] [1145.66s] 
[2026-04-30 01:56:21] [INFO] [1145.67s] Final Test Metrics:
[2026-04-30 01:56:21] [INFO] [1145.69s]   MSE:  0.001291
[2026-04-30 01:56:21] [INFO] [1145.70s]   RMSE: 0.035925
[2026-04-30 01:56:22] [INFO] [1145.72s]   MAE:  0.023887
[2026-04-30 01:56:22] [INFO] [1145.73s]   R2:   0.998753
[2026-04-30 01:56:22] [INFO] [1145.75s] 
[2026-04-30 01:56:22] [INFO] [1145.76s] Model saved at: C:\traework\a\wilmer-deeplearn\fno2_full_model.pth
[2026-04-30 01:56:22] [INFO] [1145.78s] Log saved at: C:\traework\a\wilmer-deeplearn\training_full.log
[2026-04-30 01:56:22] [INFO] [1145.80s] End time: 2026-04-30 01:56:22
[2026-04-30 01:56:22] [INFO] [1145.81s] ================================================================================
